Component: ARM Compiler 6.16 Tool: armlink [5dfeaa00]

==============================================================================

Section Cross References

    main.o(.text.main) refers to main-standardtest.o(.text.main_standartest) for main_standartest
    main.o(.ARM.exidx.text.main) refers to main.o(.text.main) for [Anonymous Symbol]
    startup_ft32f072xb.o(RESET) refers to startup_ft32f072xb.o(STACK) for __initial_sp
    startup_ft32f072xb.o(RESET) refers to startup_ft32f072xb.o(.text) for Reset_Handler
    startup_ft32f072xb.o(RESET) refers to ft32f0xx_it.o(.text.NMI_Handler) for NMI_Handler
    startup_ft32f072xb.o(RESET) refers to ft32f0xx_it.o(.text.HardFault_Handler) for HardFault_Handler
    startup_ft32f072xb.o(RESET) refers to port.o(.text.SVC_Handler) for SVC_Handler
    startup_ft32f072xb.o(RESET) refers to port.o(.text.PendSV_Handler) for PendSV_Handler
    startup_ft32f072xb.o(RESET) refers to port.o(.text.SysTick_Handler) for SysTick_Handler
    startup_ft32f072xb.o(RESET) refers to ft32f0xx_it.o(.text.TIM1_BRK_UP_TRG_COM_IRQHandler) for TIM1_BRK_UP_TRG_COM_IRQHandler
    startup_ft32f072xb.o(RESET) refers to ft32f0xx_it.o(.text.TIM16_IRQHandler) for TIM16_IRQHandler
    startup_ft32f072xb.o(RESET) refers to ft32f0xx_it.o(.text.USART1_IRQHandler) for USART1_IRQHandler
    startup_ft32f072xb.o(.text) refers to startup_ft32f072xb.o(STACK) for __initial_sp
    startup_ft32f072xb.o(.text) refers to system_ft32f0xx.o(.text.SystemInit) for SystemInit
    startup_ft32f072xb.o(.text) refers to entry.o(.ARM.Collect$$$$00000000) for __main
    main-standardtest.o(.text.main_standartest) refers to peripheral.o(.text.Usart_Init) for Usart_Init
    main-standardtest.o(.text.main_standartest) refers to testrunner.o(.text.vStartTests) for vStartTests
    main-standardtest.o(.ARM.exidx.text.main_standartest) refers to main-standardtest.o(.text.main_standartest) for [Anonymous Symbol]
    main-demo.o(.text.main_demo) refers to inittask.o(.text.CreateInitTask) for CreateInitTask
    main-demo.o(.text.main_demo) refers to tasks.o(.text.vTaskStartScheduler) for vTaskStartScheduler
    main-demo.o(.ARM.exidx.text.main_demo) refers to main-demo.o(.text.main_demo) for [Anonymous Symbol]
    ft32f0xx_it.o(.ARM.exidx.text.NMI_Handler) refers to ft32f0xx_it.o(.text.NMI_Handler) for [Anonymous Symbol]
    ft32f0xx_it.o(.ARM.exidx.text.HardFault_Handler) refers to ft32f0xx_it.o(.text.HardFault_Handler) for [Anonymous Symbol]
    ft32f0xx_it.o(.text.USART1_IRQHandler) refers to ft32f0xx_usart.o(.text.USART_GetFlagStatus) for USART_GetFlagStatus
    ft32f0xx_it.o(.text.USART1_IRQHandler) refers to ft32f0xx_usart.o(.text.USART_ClearFlag) for USART_ClearFlag
    ft32f0xx_it.o(.text.USART1_IRQHandler) refers to ft32f0xx_dma.o(.text.DMA_Cmd) for DMA_Cmd
    ft32f0xx_it.o(.text.USART1_IRQHandler) refers to ft32f0xx_dma.o(.text.DMA_ClearFlag) for DMA_ClearFlag
    ft32f0xx_it.o(.text.USART1_IRQHandler) refers to ft32f0xx_dma.o(.text.DMA_GetCurrDataCounter) for DMA_GetCurrDataCounter
    ft32f0xx_it.o(.text.USART1_IRQHandler) refers to ft32f0xx_dma.o(.text.DMA_SetCurrDataCounter) for DMA_SetCurrDataCounter
    ft32f0xx_it.o(.text.USART1_IRQHandler) refers to taskmanager.o(.text.SendMessageFromISR) for SendMessageFromISR
    ft32f0xx_it.o(.text.USART1_IRQHandler) refers to highprotask.o(.bss.xHighProTaskQueue) for xHighProTaskQueue
    ft32f0xx_it.o(.ARM.exidx.text.USART1_IRQHandler) refers to ft32f0xx_it.o(.text.USART1_IRQHandler) for [Anonymous Symbol]
    ft32f0xx_it.o(.text.TIM1_BRK_UP_TRG_COM_IRQHandler) refers to ft32f0xx_tim.o(.text.TIM_GetITStatus) for TIM_GetITStatus
    ft32f0xx_it.o(.text.TIM1_BRK_UP_TRG_COM_IRQHandler) refers to ft32f0xx_tim.o(.text.TIM_ClearITPendingBit) for TIM_ClearITPendingBit
    ft32f0xx_it.o(.text.TIM1_BRK_UP_TRG_COM_IRQHandler) refers to intqueuetimer.o(.text.IntQueueTestTimerHandler) for IntQueueTestTimerHandler
    ft32f0xx_it.o(.ARM.exidx.text.TIM1_BRK_UP_TRG_COM_IRQHandler) refers to ft32f0xx_it.o(.text.TIM1_BRK_UP_TRG_COM_IRQHandler) for [Anonymous Symbol]
    ft32f0xx_it.o(.text.TIM16_IRQHandler) refers to ft32f0xx_tim.o(.text.TIM_GetITStatus) for TIM_GetITStatus
    ft32f0xx_it.o(.text.TIM16_IRQHandler) refers to ft32f0xx_tim.o(.text.TIM_ClearITPendingBit) for TIM_ClearITPendingBit
    ft32f0xx_it.o(.ARM.exidx.text.TIM16_IRQHandler) refers to ft32f0xx_it.o(.text.TIM16_IRQHandler) for [Anonymous Symbol]
    board.o(.text.Led_Init) refers to ft32f0xx_rcc.o(.text.RCC_AHBPeriphClockCmd) for RCC_AHBPeriphClockCmd
    board.o(.text.Led_Init) refers to ft32f0xx_gpio.o(.text.GPIO_Init) for GPIO_Init
    board.o(.text.Led_Init) refers to ft32f0xx_gpio.o(.text.GPIO_SetBits) for GPIO_SetBits
    board.o(.text.Led_Init) refers to ft32f0xx_gpio.o(.text.GPIO_ResetBits) for GPIO_ResetBits
    board.o(.ARM.exidx.text.Led_Init) refers to board.o(.text.Led_Init) for [Anonymous Symbol]
    board.o(.text.LED_Toggle) refers to ft32f0xx_gpio.o(.text.GPIO_ReadOutputDataBit) for GPIO_ReadOutputDataBit
[...]
    integer.c                                0x00000000   Number         0  integer.o ABSOLUTE
    list.c                                   0x00000000   Number         0  list.o ABSOLUTE
    main-demo.c                              0x00000000   Number         0  main-demo.o ABSOLUTE
    main-standardtest.c                      0x00000000   Number         0  main-standardtest.o ABSOLUTE
    main.c                                   0x00000000   Number         0  main.o ABSOLUTE
    port.c                                   0x00000000   Number         0  port.o ABSOLUTE
    queue.c                                  0x00000000   Number         0  queue.o ABSOLUTE
    recmutex.c                               0x00000000   Number         0  recmutex.o ABSOLUTE
    semtest.c                                0x00000000   Number         0  semtest.o ABSOLUTE
    stream_buffer.c                          0x00000000   Number         0  stream_buffer.o ABSOLUTE
    system_ft32f0xx.c                        0x00000000   Number         0  system_ft32f0xx.o ABSOLUTE
    tasks.c                                  0x00000000   Number         0  tasks.o ABSOLUTE
    timers.c                                 0x00000000   Number         0  timers.o ABSOLUTE
    RESET                                    0x08000000   Section      192  startup_ft32f072xb.o(RESET)
    .ARM.Collect$$$$00000000                 0x080000c0   Section        0  entry.o(.ARM.Collect$$$$00000000)
    .ARM.Collect$$$$00000001                 0x080000c0   Section        4  entry2.o(.ARM.Collect$$$$00000001)
    .ARM.Collect$$$$00000004                 0x080000c4   Section        4  entry5.o(.ARM.Collect$$$$00000004)
    .ARM.Collect$$$$00000008                 0x080000c8   Section        0  entry7b.o(.ARM.Collect$$$$00000008)
    .ARM.Collect$$$$0000000A                 0x080000c8   Section        0  entry8b.o(.ARM.Collect$$$$0000000A)
    .ARM.Collect$$$$0000000B                 0x080000c8   Section        8  entry9a.o(.ARM.Collect$$$$0000000B)
    __lit__00000000                          0x080000d0   Data           4  entry2.o(.ARM.Collect$$$$00002712)
    .ARM.Collect$$$$0000000D                 0x080000d0   Section        0  entry10a.o(.ARM.Collect$$$$0000000D)
    .ARM.Collect$$$$0000000F                 0x080000d0   Section        0  entry11a.o(.ARM.Collect$$$$0000000F)
    .ARM.Collect$$$$00002712                 0x080000d0   Section        4  entry2.o(.ARM.Collect$$$$00002712)
    .text                                    0x080000d4   Section       88  startup_ft32f072xb.o(.text)
    .text                                    0x0800012c   Section        0  llmul.o(.text)
    .text                                    0x0800015c   Section        0  memcpya.o(.text)
    .text                                    0x08000180   Section        0  memseta.o(.text)
    .text                                    0x080001a4   Section        0  uidiv_div0.o(.text)
    .text                                    0x080001e2   Section        0  uldiv.o(.text)
    .text                                    0x08000242   Section        0  llshl.o(.text)
    .text                                    0x08000264   Section       36  init.o(.text)
    .text                                    0x08000288   Section        0  llushr.o(.text)
    [Anonymous Symbol]                       0x080002ac   Section        0  ft32f0xx_dma.o(.text.DMA_ClearFlag)
    __arm_cp.8_0                             0x080002b8   Number         4  ft32f0xx_dma.o(.text.DMA_ClearFlag)
    [Anonymous Symbol]                       0x080002bc   Section        0  ft32f0xx_dma.o(.text.DMA_Cmd)
    __arm_cp.3_0                             0x080002d4   Number         4  ft32f0xx_dma.o(.text.DMA_Cmd)
    [Anonymous Symbol]                       0x080002d8   Section        0  ft32f0xx_dma.o(.text.DMA_GetCurrDataCounter)
    [Anonymous Symbol]                       0x080002e0   Section        0  ft32f0xx_dma.o(.text.DMA_Init)
    __arm_cp.1_0                             0x08000318   Number         4  ft32f0xx_dma.o(.text.DMA_Init)
    [Anonymous Symbol]                       0x0800031c   Section        0  ft32f0xx_dma.o(.text.DMA_SetCurrDataCounter)
    DMA_USART_RX_Config                      0x08000321   Thumb Code    60  peripheral.o(.text.DMA_USART_RX_Config)
    [Anonymous Symbol]                       0x08000320   Section        0  peripheral.o(.text.DMA_USART_RX_Config)
    __arm_cp.1_0                             0x0800035c   Number         4  peripheral.o(.text.DMA_USART_RX_Config)
    __arm_cp.1_1                             0x08000360   Number         4  peripheral.o(.text.DMA_USART_RX_Config)
    __arm_cp.1_2                             0x08000364   Number         4  peripheral.o(.text.DMA_USART_RX_Config)
    [Anonymous Symbol]                       0x08000368   Section        0  ft32f0xx_gpio.o(.text.GPIO_Init)
    [Anonymous Symbol]                       0x080003d8   Section        0  ft32f0xx_gpio.o(.text.GPIO_PinAFConfig)
    [Anonymous Symbol]                       0x080003f8   Section        0  ft32f0xx_it.o(.text.HardFault_Handler)
    [Anonymous Symbol]                       0x080003fc   Section        0  intqueuetimer.o(.text.IntQueueTestTimerHandler)
    [Anonymous Symbol]                       0x08000410   Section        0  ft32f0xx_it.o(.text.NMI_Handler)
    [Anonymous Symbol]                       0x08000414   Section        0  ft32f0xx_misc.o(.text.NVIC_Init)
    __arm_cp.0_0                             0x08000458   Number         4  ft32f0xx_misc.o(.text.NVIC_Init)
    __arm_cp.0_1                             0x0800045c   Number         4  ft32f0xx_misc.o(.text.NVIC_Init)
    __arm_cp.0_2                             0x08000460   Number         4  ft32f0xx_misc.o(.text.NVIC_Init)
    [Anonymous Symbol]                       0x08000470   Section        0  port.o(.text.PendSV_Handler)
    pxCurrentTCBConst                        0x080004b0   Number         0  port.o(.text.PendSV_Handler)
    [Anonymous Symbol]                       0x080004b4   Section        0  ft32f0xx_rcc.o(.text.RCC_AHBPeriphClockCmd)
    __arm_cp.30_0                            0x080004cc   Number         4  ft32f0xx_rcc.o(.text.RCC_AHBPeriphClockCmd)
    [Anonymous Symbol]                       0x080004d0   Section        0  ft32f0xx_rcc.o(.text.RCC_APB2PeriphClockCmd)
    __arm_cp.31_0                            0x080004e8   Number         4  ft32f0xx_rcc.o(.text.RCC_APB2PeriphClockCmd)
    [Anonymous Symbol]                       0x080004ec   Section        0  ft32f0xx_rcc.o(.text.RCC_GetClocksFreq)
    __arm_cp.26_0                            0x080005c0   Number         4  ft32f0xx_rcc.o(.text.RCC_GetClocksFreq)
    __arm_cp.26_1                            0x080005c4   Number         4  ft32f0xx_rcc.o(.text.RCC_GetClocksFreq)
    __arm_cp.26_2                            0x080005c8   Number         4  ft32f0xx_rcc.o(.text.RCC_GetClocksFreq)
    __arm_cp.26_3                            0x080005cc   Number         4  ft32f0xx_rcc.o(.text.RCC_GetClocksFreq)
    __arm_cp.26_4                            0x080005d0   Number         4  ft32f0xx_rcc.o(.text.RCC_GetClocksFreq)
    __arm_cp.26_5                            0x080005d4   Number         4  ft32f0xx_rcc.o(.text.RCC_GetClocksFreq)
    [Anonymous Symbol]                       0x080005d8   Section        0  port.o(.text.SVC_Handler)
    [Anonymous Symbol]                       0x080005dc   Section        0  taskmanager.o(.text.SendMessageFromISR)
    SetSysClock                              0x08000605   Thumb Code   148  system_ft32f0xx.o(.text.SetSysClock)
    [Anonymous Symbol]                       0x08000604   Section        0  system_ft32f0xx.o(.text.SetSysClock)
    __arm_cp.1_0                             0x08000698   Number         4  system_ft32f0xx.o(.text.SetSysClock)
    __arm_cp.1_1                             0x0800069c   Number         4  system_ft32f0xx.o(.text.SetSysClock)
    [Anonymous Symbol]                       0x080006a0   Section        0  port.o(.text.SysTick_Handler)
    __arm_cp.13_0                            0x080006c0   Number         4  port.o(.text.SysTick_Handler)
    [Anonymous Symbol]                       0x080006c4   Section        0  system_ft32f0xx.o(.text.SystemInit)
    __arm_cp.0_0                             0x08000714   Number         4  system_ft32f0xx.o(.text.SystemInit)
    __arm_cp.0_1                             0x08000718   Number         4  system_ft32f0xx.o(.text.SystemInit)
    __arm_cp.0_2                             0x0800071c   Number         4  system_ft32f0xx.o(.text.SystemInit)
    [Anonymous Symbol]                       0x08000720   Section        0  ft32f0xx_it.o(.text.TIM16_IRQHandler)
    __arm_cp.4_0                             0x0800073c   Number         4  ft32f0xx_it.o(.text.TIM16_IRQHandler)
    [Anonymous Symbol]                       0x08000740   Section        0  ft32f0xx_it.o(.text.TIM1_BRK_UP_TRG_COM_IRQHandler)
    __arm_cp.3_0                             0x08000760   Number         4  ft32f0xx_it.o(.text.TIM1_BRK_UP_TRG_COM_IRQHandler)
    [Anonymous Symbol]                       0x08000764   Section        0  ft32f0xx_tim.o(.text.TIM_ClearITPendingBit)
    [Anonymous Symbol]                       0x0800076a   Section        0  ft32f0xx_tim.o(.text.TIM_GetITStatus)
    [Anonymous Symbol]                       0x08000780   Section        0  ft32f0xx_it.o(.text.USART1_IRQHandler)
    __arm_cp.2_2                             0x080007dc   Number         4  ft32f0xx_it.o(.text.USART1_IRQHandler)
    [Anonymous Symbol]                       0x080007e0   Section        0  ft32f0xx_usart.o(.text.USART_ClearFlag)
    [Anonymous Symbol]                       0x080007e4   Section        0  ft32f0xx_usart.o(.text.USART_Cmd)
    [Anonymous Symbol]                       0x080007f4   Section        0  ft32f0xx_usart.o(.text.USART_DMACmd)
    [Anonymous Symbol]                       0x08000808   Section        0  ft32f0xx_usart.o(.text.USART_DMAReceptionErrorConfig)
    [Anonymous Symbol]                       0x0800081a   Section        0  ft32f0xx_usart.o(.text.USART_GetFlagStatus)
    [Anonymous Symbol]                       0x08000824   Section        0  ft32f0xx_usart.o(.text.USART_ITConfig)
    [Anonymous Symbol]                       0x08000854   Section        0  ft32f0xx_usart.o(.text.USART_Init)
    __arm_cp.1_0                             0x080008ec   Number         4  ft32f0xx_usart.o(.text.USART_Init)
    __arm_cp.1_1                             0x080008f0   Number         4  ft32f0xx_usart.o(.text.USART_Init)
    __arm_cp.1_3                             0x080008f4   Number         4  ft32f0xx_usart.o(.text.USART_Init)
    [Anonymous Symbol]                       0x080008f8   Section        0  ft32f0xx_usart.o(.text.USART_SendData)
    __arm_cp.17_0                            0x08000900   Number         4  ft32f0xx_usart.o(.text.USART_SendData)
    [Anonymous Symbol]                       0x08000904   Section        0  peripheral.o(.text.Usart_Init)
    __arm_cp.0_0                             0x080009ac   Number         4  peripheral.o(.text.Usart_Init)
    __arm_cp.0_2                             0x080009b0   Number         4  peripheral.o(.text.Usart_Init)
    __arm_cp.0_3                             0x080009b4   Number         4  peripheral.o(.text.Usart_Init)
    [Anonymous Symbol]                       0x080009b8   Section        0  peripheral.o(.text.fputc)
    __arm_cp.8_0                             0x080009d8   Number         4  peripheral.o(.text.fputc)
    [Anonymous Symbol]                       0x080009dc   Section        0  main.o(.text.main)
    [Anonymous Symbol]                       0x080009e2   Section        0  main-standardtest.o(.text.main_standartest)
    prvAddCurrentTaskToDelayedList           0x080009ed   Thumb Code   132  tasks.o(.text.prvAddCurrentTaskToDelayedList)
    [Anonymous Symbol]                       0x080009ec   Section        0  tasks.o(.text.prvAddCurrentTaskToDelayedList)
    __arm_cp.8_0                             0x08000a70   Number         4  tasks.o(.text.prvAddCurrentTaskToDelayedList)
    __arm_cp.8_2                             0x08000a74   Number         4  tasks.o(.text.prvAddCurrentTaskToDelayedList)
    __arm_cp.8_3                             0x08000a78   Number         4  tasks.o(.text.prvAddCurrentTaskToDelayedList)
    __arm_cp.8_4                             0x08000a7c   Number         4  tasks.o(.text.prvAddCurrentTaskToDelayedList)
    __arm_cp.8_5                             0x08000a80   Number         4  tasks.o(.text.prvAddCurrentTaskToDelayedList)
    prvAddNewTaskToReadyList                 0x08000a85   Thumb Code   140  tasks.o(.text.prvAddNewTaskToReadyList)
    [Anonymous Symbol]                       0x08000a84   Section        0  tasks.o(.text.prvAddNewTaskToReadyList)
    __arm_cp.2_1                             0x08000b10   Number         4  tasks.o(.text.prvAddNewTaskToReadyList)
    __arm_cp.2_2                             0x08000b14   Number         4  tasks.o(.text.prvAddNewTaskToReadyList)
    __arm_cp.2_3                             0x08000b18   Number         4  tasks.o(.text.prvAddNewTaskToReadyList)
    __arm_cp.2_4                             0x08000b1c   Number         4  tasks.o(.text.prvAddNewTaskToReadyList)
    prvCheckForValidListAndQueue             0x08000b21   Thumb Code    72  timers.o(.text.prvCheckForValidListAndQueue)
    [Anonymous Symbol]                       0x08000b20   Section        0  timers.o(.text.prvCheckForValidListAndQueue)
    __arm_cp.1_0                             0x08000b68   Number         4  timers.o(.text.prvCheckForValidListAndQueue)
    __arm_cp.1_1                             0x08000b6c   Number         4  timers.o(.text.prvCheckForValidListAndQueue)
    __arm_cp.1_2                             0x08000b70   Number         4  timers.o(.text.prvCheckForValidListAndQueue)
    __arm_cp.1_3                             0x08000b74   Number         4  timers.o(.text.prvCheckForValidListAndQueue)
    __arm_cp.1_4                             0x08000b78   Number         4  timers.o(.text.prvCheckForValidListAndQueue)
    prvCheckTask                             0x08000b85   Thumb Code    32  testrunner.o(.text.prvCheckTask)
    [Anonymous Symbol]                       0x08000b84   Section        0  testrunner.o(.text.prvCheckTask)
    __arm_cp.1_0                             0x08000ba4   Number         4  testrunner.o(.text.prvCheckTask)
    prvCheckTasksWaitingTermination          0x08000bbd   Thumb Code    64  tasks.o(.text.prvCheckTasksWaitingTermination)
    [Anonymous Symbol]                       0x08000bbc   Section        0  tasks.o(.text.prvCheckTasksWaitingTermination)
    __arm_cp.62_0                            0x08000bfc   Number         4  tasks.o(.text.prvCheckTasksWaitingTermination)
    __arm_cp.62_2                            0x08000c00   Number         4  tasks.o(.text.prvCheckTasksWaitingTermination)
    prvCopyDataFromQueue                     0x08000c05   Thumb Code    36  queue.o(.text.prvCopyDataFromQueue)
    [Anonymous Symbol]                       0x08000c04   Section        0  queue.o(.text.prvCopyDataFromQueue)
    prvCopyDataToQueue                       0x08000c29   Thumb Code   120  queue.o(.text.prvCopyDataToQueue)
    [Anonymous Symbol]                       0x08000c28   Section        0  queue.o(.text.prvCopyDataToQueue)
    prvDeleteTCB                             0x08000ca1   Thumb Code    18  tasks.o(.text.prvDeleteTCB)
    [Anonymous Symbol]                       0x08000ca0   Section        0  tasks.o(.text.prvDeleteTCB)
    prvGetNextExpireTime                     0x08000cb5   Thumb Code    28  timers.o(.text.prvGetNextExpireTime)
    [Anonymous Symbol]                       0x08000cb4   Section        0  timers.o(.text.prvGetNextExpireTime)
    prvHeapInit                              0x08000cd1   Thumb Code    80  heap_4.o(.text.prvHeapInit)
    [Anonymous Symbol]                       0x08000cd0   Section        0  heap_4.o(.text.prvHeapInit)
    __arm_cp.1_0                             0x08000d20   Number         4  heap_4.o(.text.prvHeapInit)
    __arm_cp.1_3                             0x08000d24   Number         4  heap_4.o(.text.prvHeapInit)
    __arm_cp.1_4                             0x08000d28   Number         4  heap_4.o(.text.prvHeapInit)
    __arm_cp.1_5                             0x08000d2c   Number         4  heap_4.o(.text.prvHeapInit)
    prvIdleTask                              0x08000d31   Thumb Code    20  tasks.o(.text.prvIdleTask)
    [Anonymous Symbol]                       0x08000d30   Section        0  tasks.o(.text.prvIdleTask)
    prvInitialiseNewQueue                    0x08000d45   Thumb Code    38  queue.o(.text.prvInitialiseNewQueue)
    [Anonymous Symbol]                       0x08000d44   Section        0  queue.o(.text.prvInitialiseNewQueue)
    prvInitialiseNewTask                     0x08000d6b   Thumb Code   142  tasks.o(.text.prvInitialiseNewTask)
    [Anonymous Symbol]                       0x08000d6a   Section        0  tasks.o(.text.prvInitialiseNewTask)
    prvInitialiseTaskLists                   0x08000df9   Thumb Code    64  tasks.o(.text.prvInitialiseTaskLists)
    [Anonymous Symbol]                       0x08000df8   Section        0  tasks.o(.text.prvInitialiseTaskLists)
    __arm_cp.61_0                            0x08000e38   Number         4  tasks.o(.text.prvInitialiseTaskLists)
    __arm_cp.61_1                            0x08000e3c   Number         4  tasks.o(.text.prvInitialiseTaskLists)
    __arm_cp.61_2                            0x08000e40   Number         4  tasks.o(.text.prvInitialiseTaskLists)
    __arm_cp.61_3                            0x08000e44   Number         4  tasks.o(.text.prvInitialiseTaskLists)
    __arm_cp.61_4                            0x08000e48   Number         4  tasks.o(.text.prvInitialiseTaskLists)
    __arm_cp.61_5                            0x08000e4c   Number         4  tasks.o(.text.prvInitialiseTaskLists)
    __arm_cp.61_7                            0x08000e50   Number         4  tasks.o(.text.prvInitialiseTaskLists)
    prvInsertBlockIntoFreeList               0x08000e55   Thumb Code    68  heap_4.o(.text.prvInsertBlockIntoFreeList)
    [Anonymous Symbol]                       0x08000e54   Section        0  heap_4.o(.text.prvInsertBlockIntoFreeList)
    __arm_cp.2_0                             0x08000e98   Number         4  heap_4.o(.text.prvInsertBlockIntoFreeList)
    __arm_cp.2_1                             0x08000e9c   Number         4  heap_4.o(.text.prvInsertBlockIntoFreeList)
    prvInsertTimerInActiveList               0x08000ea1   Thumb Code    52  timers.o(.text.prvInsertTimerInActiveList)
    [Anonymous Symbol]                       0x08000ea0   Section        0  timers.o(.text.prvInsertTimerInActiveList)
    prvIsQueueEmpty                          0x08000ed5   Thumb Code    22  queue.o(.text.prvIsQueueEmpty)
    [Anonymous Symbol]                       0x08000ed4   Section        0  queue.o(.text.prvIsQueueEmpty)
    prvNotifyQueueSetContainer               0x08000eeb   Thumb Code    74  queue.o(.text.prvNotifyQueueSetContainer)
    [Anonymous Symbol]                       0x08000eea   Section        0  queue.o(.text.prvNotifyQueueSetContainer)
    prvProcessExpiredTimer                   0x08000f35   Thumb Code    60  timers.o(.text.prvProcessExpiredTimer)
    [Anonymous Symbol]                       0x08000f34   Section        0  timers.o(.text.prvProcessExpiredTimer)
    __arm_cp.23_0                            0x08000f70   Number         4  timers.o(.text.prvProcessExpiredTimer)
    prvProcessReceivedCommands               0x08000f75   Thumb Code   228  timers.o(.text.prvProcessReceivedCommands)
    [Anonymous Symbol]                       0x08000f74   Section        0  timers.o(.text.prvProcessReceivedCommands)
    prvProcessTimerOrBlockTask               0x08001059   Thumb Code   104  timers.o(.text.prvProcessTimerOrBlockTask)
    [Anonymous Symbol]                       0x08001058   Section        0  timers.o(.text.prvProcessTimerOrBlockTask)
    __arm_cp.20_1                            0x080010c0   Number         4  timers.o(.text.prvProcessTimerOrBlockTask)
    prvQueueAccessLogError                   0x080010c5   Thumb Code    12  intqueue.o(.text.prvQueueAccessLogError)
    [Anonymous Symbol]                       0x080010c4   Section        0  intqueue.o(.text.prvQueueAccessLogError)
    __arm_cp.9_0                             0x080010d0   Number         4  intqueue.o(.text.prvQueueAccessLogError)
    __arm_cp.9_1                             0x080010d4   Number         4  intqueue.o(.text.prvQueueAccessLogError)
    prvRecordValue_NormallyEmpty             0x080010d9   Thumb Code    28  intqueue.o(.text.prvRecordValue_NormallyEmpty)
    [Anonymous Symbol]                       0x080010d8   Section        0  intqueue.o(.text.prvRecordValue_NormallyEmpty)
    __arm_cp.10_0                            0x080010f4   Number         4  intqueue.o(.text.prvRecordValue_NormallyEmpty)
    prvRecordValue_NormallyFull              0x080010f9   Thumb Code    28  intqueue.o(.text.prvRecordValue_NormallyFull)
    [Anonymous Symbol]                       0x080010f8   Section        0  intqueue.o(.text.prvRecordValue_NormallyFull)
    __arm_cp.7_0                             0x08001114   Number         4  intqueue.o(.text.prvRecordValue_NormallyFull)
    prvReloadTimer                           0x08001119   Thumb Code    58  timers.o(.text.prvReloadTimer)
    [Anonymous Symbol]                       0x08001118   Section        0  timers.o(.text.prvReloadTimer)
    prvResetNextTaskUnblockTime              0x08001155   Thumb Code    28  tasks.o(.text.prvResetNextTaskUnblockTime)
    [Anonymous Symbol]                       0x08001154   Section        0  tasks.o(.text.prvResetNextTaskUnblockTime)
    __arm_cp.4_0                             0x08001170   Number         4  tasks.o(.text.prvResetNextTaskUnblockTime)
    __arm_cp.4_1                             0x08001174   Number         4  tasks.o(.text.prvResetNextTaskUnblockTime)
    prvSampleTimeNow                         0x08001179   Thumb Code    36  timers.o(.text.prvSampleTimeNow)
    [Anonymous Symbol]                       0x08001178   Section        0  timers.o(.text.prvSampleTimeNow)
    __arm_cp.22_0                            0x0800119c   Number         4  timers.o(.text.prvSampleTimeNow)
    prvSwitchTimerLists                      0x080011a1   Thumb Code    44  timers.o(.text.prvSwitchTimerLists)
    [Anonymous Symbol]                       0x080011a0   Section        0  timers.o(.text.prvSwitchTimerLists)
    __arm_cp.24_0                            0x080011cc   Number         4  timers.o(.text.prvSwitchTimerLists)
    __arm_cp.24_1                            0x080011d0   Number         4  timers.o(.text.prvSwitchTimerLists)
    prvTaskExitError                         0x080011d5   Thumb Code    18  port.o(.text.prvTaskExitError)
    [Anonymous Symbol]                       0x080011d4   Section        0  port.o(.text.prvTaskExitError)
    prvTimerTask                             0x080011e7   Thumb Code    20  timers.o(.text.prvTimerTask)
    [Anonymous Symbol]                       0x080011e6   Section        0  timers.o(.text.prvTimerTask)
    prvUnlockQueue                           0x080011fb   Thumb Code   144  queue.o(.text.prvUnlockQueue)
    [Anonymous Symbol]                       0x080011fa   Section        0  queue.o(.text.prvUnlockQueue)
    [Anonymous Symbol]                       0x0800128c   Section        0  heap_4.o(.text.pvPortMalloc)
    __arm_cp.0_0                             0x08001360   Number         4  heap_4.o(.text.pvPortMalloc)
    __arm_cp.0_3                             0x08001364   Number         4  heap_4.o(.text.pvPortMalloc)
    __arm_cp.0_4                             0x08001368   Number         4  heap_4.o(.text.pvPortMalloc)
    __arm_cp.0_5                             0x0800136c   Number         4  heap_4.o(.text.pvPortMalloc)
    [Anonymous Symbol]                       0x08001370   Section        0  port.o(.text.pxPortInitialiseStack)
    __arm_cp.0_0                             0x08001398   Number         4  port.o(.text.pxPortInitialiseStack)
    [Anonymous Symbol]                       0x0800139c   Section        0  port.o(.text.ulSetInterruptMaskFromISR)
    [Anonymous Symbol]                       0x080013a4   Section        0  list.o(.text.uxListRemove)
    [Anonymous Symbol]                       0x080013c6   Section        0  taskmanager.o(.text.vApplicationMallocFailedHook)
    [Anonymous Symbol]                       0x080013ca   Section        0  taskmanager.o(.text.vApplicationStackOverflowHook)
    [Anonymous Symbol]                       0x080013ce   Section        0  testrunner.o(.text.vApplicationTickHook)
    [Anonymous Symbol]                       0x080013d0   Section        0  port.o(.text.vClearInterruptMaskFromISR)
    [Anonymous Symbol]                       0x080013d6   Section        0  list.o(.text.vListInitialise)
    [Anonymous Symbol]                       0x080013ea   Section        0  list.o(.text.vListInitialiseItem)
    [Anonymous Symbol]                       0x080013f0   Section        0  list.o(.text.vListInsert)
    [Anonymous Symbol]                       0x08001420   Section        0  port.o(.text.vPortEnterCritical)
    [Anonymous Symbol]                       0x08001434   Section        0  port.o(.text.vPortExitCritical)
    [Anonymous Symbol]                       0x08001444   Section        0  heap_4.o(.text.vPortFree)
    __arm_cp.3_0                             0x08001494   Number         4  heap_4.o(.text.vPortFree)
    __arm_cp.3_1                             0x08001498   Number         4  heap_4.o(.text.vPortFree)
    __arm_cp.3_2                             0x0800149c   Number         4  heap_4.o(.text.vPortFree)
    [Anonymous Symbol]                       0x080014a0   Section        0  port.o(.text.vPortSetupTimerInterrupt)
    __arm_cp.4_0                             0x080014c0   Number         4  port.o(.text.vPortSetupTimerInterrupt)
    __arm_cp.4_1                             0x080014c4   Number         4  port.o(.text.vPortSetupTimerInterrupt)
    vPortStartFirstTask                      0x080014d1   Thumb Code    52  port.o(.text.vPortStartFirstTask)
    [Anonymous Symbol]                       0x080014d0   Section        0  port.o(.text.vPortStartFirstTask)
    pxCurrentTCBConst2                       0x08001500   Number         0  port.o(.text.vPortStartFirstTask)
    [Anonymous Symbol]                       0x08001504   Section        0  port.o(.text.vPortYield)
    __arm_cp.7_0                             0x08001518   Number         4  port.o(.text.vPortYield)
    [Anonymous Symbol]                       0x0800151c   Section        0  queue.o(.text.vQueueAddToRegistry)
    __arm_cp.35_0                            0x0800155c   Number         4  queue.o(.text.vQueueAddToRegistry)
    [Anonymous Symbol]                       0x08001560   Section        0  queue.o(.text.vQueueWaitForMessageRestricted)
    [Anonymous Symbol]                       0x080015a4   Section        0  testrunner.o(.text.vStartTests)
    __arm_cp.0_0                             0x080015c4   Number         4  testrunner.o(.text.vStartTests)
    [Anonymous Symbol]                       0x080015d0   Section        0  tasks.o(.text.vTaskInternalSetTimeOutState)
    __arm_cp.40_0                            0x080015e0   Number         4  tasks.o(.text.vTaskInternalSetTimeOutState)
    [Anonymous Symbol]                       0x080015e4   Section        0  tasks.o(.text.vTaskMissedYield)
    [Anonymous Symbol]                       0x080015ec   Section        0  tasks.o(.text.vTaskPlaceOnEventList)
    [Anonymous Symbol]                       0x08001604   Section        0  tasks.o(.text.vTaskPlaceOnEventListRestricted)
    [Anonymous Symbol]                       0x08001644   Section        0  tasks.o(.text.vTaskStartScheduler)
    __arm_cp.20_0                            0x08001688   Number         4  tasks.o(.text.vTaskStartScheduler)
    __arm_cp.20_1                            0x0800168c   Number         4  tasks.o(.text.vTaskStartScheduler)
    __arm_cp.20_3                            0x08001698   Number         4  tasks.o(.text.vTaskStartScheduler)
    __arm_cp.20_4                            0x0800169c   Number         4  tasks.o(.text.vTaskStartScheduler)
    __arm_cp.20_5                            0x080016a0   Number         4  tasks.o(.text.vTaskStartScheduler)
    __arm_cp.20_6                            0x080016a4   Number         4  tasks.o(.text.vTaskStartScheduler)
    [Anonymous Symbol]                       0x080016a8   Section        0  tasks.o(.text.vTaskSuspendAll)
    __tagsym$$used.0                         0x080016b4   Number         0  tasks.o(.text.vTaskSwitchContext)
    [Anonymous Symbol]                       0x080016b4   Section        0  tasks.o(.text.vTaskSwitchContext)
    __arm_cp.16_0                            0x0800173c   Number         4  tasks.o(.text.vTaskSwitchContext)
    __arm_cp.16_1                            0x08001740   Number         4  tasks.o(.text.vTaskSwitchContext)
    __arm_cp.16_2                            0x08001744   Number         4  tasks.o(.text.vTaskSwitchContext)
    __arm_cp.16_3                            0x08001748   Number         4  tasks.o(.text.vTaskSwitchContext)
    __arm_cp.16_4                            0x0800174c   Number         4  tasks.o(.text.vTaskSwitchContext)
    __arm_cp.16_5                            0x08001750   Number         4  tasks.o(.text.vTaskSwitchContext)
    [Anonymous Symbol]                       0x08001754   Section        0  port.o(.text.xPortStartScheduler)
    __arm_cp.3_0                             0x08001784   Number         4  port.o(.text.xPortStartScheduler)
    __arm_cp.3_1                             0x08001788   Number         4  port.o(.text.xPortStartScheduler)
    [Anonymous Symbol]                       0x0800178c   Section        0  queue.o(.text.xQueueGenericCreate)
    [Anonymous Symbol]                       0x080017e2   Section        0  queue.o(.text.xQueueGenericReset)
    [Anonymous Symbol]                       0x08001860   Section        0  queue.o(.text.xQueueGenericSendFromISR)
    [Anonymous Symbol]                       0x0800190a   Section        0  queue.o(.text.xQueueIsQueueFullFromISR)
    [Anonymous Symbol]                       0x08001916   Section        0  queue.o(.text.xQueueReceive)
    [Anonymous Symbol]                       0x08001a18   Section        0  queue.o(.text.xQueueReceiveFromISR)
    [Anonymous Symbol]                       0x08001a88   Section        0  intqueue.o(.text.xSecondTimerHandler)
    __arm_cp.8_0                             0x08001c00   Number         4  intqueue.o(.text.xSecondTimerHandler)
    __arm_cp.8_1                             0x08001c04   Number         4  intqueue.o(.text.xSecondTimerHandler)
    __arm_cp.8_2                             0x08001c08   Number         4  intqueue.o(.text.xSecondTimerHandler)
    __arm_cp.8_3                             0x08001c0c   Number         4  intqueue.o(.text.xSecondTimerHandler)
    __arm_cp.8_4                             0x08001c10   Number         4  intqueue.o(.text.xSecondTimerHandler)
    __arm_cp.8_5                             0x08001c14   Number         4  intqueue.o(.text.xSecondTimerHandler)
    [Anonymous Symbol]                       0x08001c18   Section        0  tasks.o(.text.xTaskCheckForTimeOut)
    [Anonymous Symbol]                       0x08001c80   Section        0  tasks.o(.text.xTaskCreate)
    [Anonymous Symbol]                       0x08001ce4   Section        0  tasks.o(.text.xTaskDelayUntil)
    [Anonymous Symbol]                       0x08001d44   Section        0  tasks.o(.text.xTaskGetTickCount)
    [Anonymous Symbol]                       0x08001d4c   Section        0  tasks.o(.text.xTaskIncrementTick)
    __arm_cp.23_2                            0x08001e80   Number         4  tasks.o(.text.xTaskIncrementTick)
    __arm_cp.23_3                            0x08001e84   Number         4  tasks.o(.text.xTaskIncrementTick)
    __arm_cp.23_4                            0x08001e88   Number         4  tasks.o(.text.xTaskIncrementTick)
    __arm_cp.23_5                            0x08001e8c   Number         4  tasks.o(.text.xTaskIncrementTick)
    __arm_cp.23_6                            0x08001e90   Number         4  tasks.o(.text.xTaskIncrementTick)
    [Anonymous Symbol]                       0x08001e94   Section        0  tasks.o(.text.xTaskPriorityDisinherit)
    [Anonymous Symbol]                       0x08001eec   Section        0  tasks.o(.text.xTaskRemoveFromEventList)
    __arm_cp.37_4                            0x08001f88   Number         4  tasks.o(.text.xTaskRemoveFromEventList)
    [Anonymous Symbol]                       0x08001f8c   Section        0  tasks.o(.text.xTaskResumeAll)
    __arm_cp.9_0                             0x08002088   Number         4  tasks.o(.text.xTaskResumeAll)
    __arm_cp.9_1                             0x0800208c   Number         4  tasks.o(.text.xTaskResumeAll)
    __arm_cp.9_2                             0x08002090   Number         4  tasks.o(.text.xTaskResumeAll)
    __arm_cp.9_3                             0x08002094   Number         4  tasks.o(.text.xTaskResumeAll)
    __arm_cp.9_4                             0x08002098   Number         4  tasks.o(.text.xTaskResumeAll)
    __arm_cp.9_5                             0x0800209c   Number         4  tasks.o(.text.xTaskResumeAll)
    __arm_cp.9_6                             0x080020a0   Number         4  tasks.o(.text.xTaskResumeAll)
    __arm_cp.9_7                             0x080020a4   Number         4  tasks.o(.text.xTaskResumeAll)
    [Anonymous Symbol]                       0x080020a8   Section        0  timers.o(.text.xTimerCreateTimerTask)
    __arm_cp.0_0                             0x080020d8   Number         4  timers.o(.text.xTimerCreateTimerTask)
    __arm_cp.0_1                             0x080020dc   Number         4  timers.o(.text.xTimerCreateTimerTask)
    __arm_cp.0_2                             0x080020e0   Number         4  timers.o(.text.xTimerCreateTimerTask)
    i.__0printf$8                            0x080020ec   Section        0  printf8.o(i.__0printf$8)
    i.__scatterload_copy                     0x0800210c   Section       14  handlers.o(i.__scatterload_copy)
    i.__scatterload_null                     0x0800211a   Section        2  handlers.o(i.__scatterload_null)
    i.__scatterload_zeroinit                 0x0800211c   Section       14  handlers.o(i.__scatterload_zeroinit)
    _printf_core                             0x0800212d   Thumb Code  1020  printf8.o(i._printf_core)
    i._printf_core                           0x0800212c   Section        0  printf8.o(i._printf_core)
    _printf_post_padding                     0x08002555   Thumb Code    32  printf8.o(i._printf_post_padding)
    i._printf_post_padding                   0x08002554   Section        0  printf8.o(i._printf_post_padding)
    _printf_pre_padding                      0x08002575   Thumb Code    44  printf8.o(i._printf_pre_padding)
    i._printf_pre_padding                    0x08002574   Section        0  printf8.o(i._printf_pre_padding)
    APBAHBPrescTable                         0x080025a0   Data          16  ft32f0xx_rcc.o(.rodata.APBAHBPrescTable)
    [Anonymous Symbol]                       0x080025a0   Section        0  ft32f0xx_rcc.o(.rodata.APBAHBPrescTable)
    .data                                    0x20000000   Section        4  stdout.o(.data)
    uxCriticalNesting                        0x20000008   Data           4  port.o(.data.uxCriticalNesting)
    [Anonymous Symbol]                       0x20000008   Section        0  port.o(.data.uxCriticalNesting)
    prvSampleTimeNow.xLastTime               0x20000010   Data           4  timers.o(.bss.prvSampleTimeNow.xLastTime)
    [Anonymous Symbol]                       0x20000010   Section        0  timers.o(.bss.prvSampleTimeNow.xLastTime)
    pxCurrentTimerList                       0x20000018   Data           4  timers.o(.bss.pxCurrentTimerList)
    [Anonymous Symbol]                       0x20000018   Section        0  timers.o(.bss.pxCurrentTimerList)
    pxDelayedTaskList                        0x2000001c   Data           4  tasks.o(.bss.pxDelayedTaskList)
    [Anonymous Symbol]                       0x2000001c   Section        0  tasks.o(.bss.pxDelayedTaskList)
    pxEnd                                    0x20000020   Data           4  heap_4.o(.bss.pxEnd)
    [Anonymous Symbol]                       0x20000020   Section        0  heap_4.o(.bss.pxEnd)
    pxOverflowDelayedTaskList                0x20000024   Data           4  tasks.o(.bss.pxOverflowDelayedTaskList)
    [Anonymous Symbol]                       0x20000024   Section        0  tasks.o(.bss.pxOverflowDelayedTaskList)
    pxOverflowTimerList                      0x20000028   Data           4  timers.o(.bss.pxOverflowTimerList)
    [Anonymous Symbol]                       0x20000028   Section        0  timers.o(.bss.pxOverflowTimerList)
    pxReadyTasksLists                        0x2000002c   Data         100  tasks.o(.bss.pxReadyTasksLists)
    [Anonymous Symbol]                       0x2000002c   Section        0  tasks.o(.bss.pxReadyTasksLists)
    ucHeap                                   0x20000090   Data        6144  heap_4.o(.bss.ucHeap)
    [Anonymous Symbol]                       0x20000090   Section        0  heap_4.o(.bss.ucHeap)
    ucNormallyEmptyReceivedValues            0x20001890   Data         200  intqueue.o(.bss.ucNormallyEmptyReceivedValues)
    [Anonymous Symbol]                       0x20001890   Section        0  intqueue.o(.bss.ucNormallyEmptyReceivedValues)
    ucNormallyFullReceivedValues             0x20001958   Data         200  intqueue.o(.bss.ucNormallyFullReceivedValues)
    [Anonymous Symbol]                       0x20001958   Section        0  intqueue.o(.bss.ucNormallyFullReceivedValues)
    uxCurrentNumberOfTasks                   0x20001a48   Data           4  tasks.o(.bss.uxCurrentNumberOfTasks)
    [Anonymous Symbol]                       0x20001a48   Section        0  tasks.o(.bss.uxCurrentNumberOfTasks)
    uxDeletedTasksWaitingCleanUp             0x20001a4c   Data           4  tasks.o(.bss.uxDeletedTasksWaitingCleanUp)
    [Anonymous Symbol]                       0x20001a4c   Section        0  tasks.o(.bss.uxDeletedTasksWaitingCleanUp)
    uxSchedulerSuspended                     0x20001a50   Data           4  tasks.o(.bss.uxSchedulerSuspended)
    [Anonymous Symbol]                       0x20001a50   Section        0  tasks.o(.bss.uxSchedulerSuspended)
    uxTaskNumber                             0x20001a54   Data           4  tasks.o(.bss.uxTaskNumber)
    [Anonymous Symbol]                       0x20001a54   Section        0  tasks.o(.bss.uxTaskNumber)
    uxTopReadyPriority                       0x20001a58   Data           4  tasks.o(.bss.uxTopReadyPriority)
    [Anonymous Symbol]                       0x20001a58   Section        0  tasks.o(.bss.uxTopReadyPriority)
    uxValueForNormallyEmptyQueue             0x20001a5c   Data           4  intqueue.o(.bss.uxValueForNormallyEmptyQueue)
    [Anonymous Symbol]                       0x20001a5c   Section        0  intqueue.o(.bss.uxValueForNormallyEmptyQueue)
    uxValueForNormallyFullQueue              0x20001a60   Data           4  intqueue.o(.bss.uxValueForNormallyFullQueue)
    [Anonymous Symbol]                       0x20001a60   Section        0  intqueue.o(.bss.uxValueForNormallyFullQueue)
    xActiveTimerList1                        0x20001a64   Data          20  timers.o(.bss.xActiveTimerList1)
    [Anonymous Symbol]                       0x20001a64   Section        0  timers.o(.bss.xActiveTimerList1)
    xActiveTimerList2                        0x20001a78   Data          20  timers.o(.bss.xActiveTimerList2)
    [Anonymous Symbol]                       0x20001a78   Section        0  timers.o(.bss.xActiveTimerList2)
    xBlockAllocatedBit                       0x20001a8c   Data           1  heap_4.o(.bss.xBlockAllocatedBit)
    [Anonymous Symbol]                       0x20001a8c   Section        0  heap_4.o(.bss.xBlockAllocatedBit)
    xDelayedTaskList1                        0x20001a90   Data          20  tasks.o(.bss.xDelayedTaskList1)
    [Anonymous Symbol]                       0x20001a90   Section        0  tasks.o(.bss.xDelayedTaskList1)
    xDelayedTaskList2                        0x20001aa4   Data          20  tasks.o(.bss.xDelayedTaskList2)
    [Anonymous Symbol]                       0x20001aa4   Section        0  tasks.o(.bss.xDelayedTaskList2)
    xErrorLine                               0x20001ab8   Data           4  intqueue.o(.bss.xErrorLine)
    [Anonymous Symbol]                       0x20001ab8   Section        0  intqueue.o(.bss.xErrorLine)
    xErrorStatus                             0x20001abc   Data           1  intqueue.o(.bss.xErrorStatus)
    [Anonymous Symbol]                       0x20001abc   Section        0  intqueue.o(.bss.xErrorStatus)
    xFreeBytesRemaining                      0x20001ac0   Data           4  heap_4.o(.bss.xFreeBytesRemaining)
    [Anonymous Symbol]                       0x20001ac0   Section        0  heap_4.o(.bss.xFreeBytesRemaining)
    xIdleTaskHandle                          0x20001ac8   Data           4  tasks.o(.bss.xIdleTaskHandle)
    [Anonymous Symbol]                       0x20001ac8   Section        0  tasks.o(.bss.xIdleTaskHandle)
    xMinimumEverFreeBytesRemaining           0x20001acc   Data           4  heap_4.o(.bss.xMinimumEverFreeBytesRemaining)
    [Anonymous Symbol]                       0x20001acc   Section        0  heap_4.o(.bss.xMinimumEverFreeBytesRemaining)
    xNextTaskUnblockTime                     0x20001ad0   Data           4  tasks.o(.bss.xNextTaskUnblockTime)
    [Anonymous Symbol]                       0x20001ad0   Section        0  tasks.o(.bss.xNextTaskUnblockTime)
    xNormallyEmptyQueue                      0x20001ad4   Data           4  intqueue.o(.bss.xNormallyEmptyQueue)
    [Anonymous Symbol]                       0x20001ad4   Section        0  intqueue.o(.bss.xNormallyEmptyQueue)
    xNormallyFullQueue                       0x20001ad8   Data           4  intqueue.o(.bss.xNormallyFullQueue)
    [Anonymous Symbol]                       0x20001ad8   Section        0  intqueue.o(.bss.xNormallyFullQueue)
    xNumOfOverflows                          0x20001adc   Data           4  tasks.o(.bss.xNumOfOverflows)
    [Anonymous Symbol]                       0x20001adc   Section        0  tasks.o(.bss.xNumOfOverflows)
    xNumberOfSuccessfulAllocations           0x20001ae0   Data           4  heap_4.o(.bss.xNumberOfSuccessfulAllocations)
    [Anonymous Symbol]                       0x20001ae0   Section        0  heap_4.o(.bss.xNumberOfSuccessfulAllocations)
    xNumberOfSuccessfulFrees                 0x20001ae4   Data           4  heap_4.o(.bss.xNumberOfSuccessfulFrees)
    [Anonymous Symbol]                       0x20001ae4   Section        0  heap_4.o(.bss.xNumberOfSuccessfulFrees)
    xPendedTicks                             0x20001ae8   Data           4  tasks.o(.bss.xPendedTicks)
    [Anonymous Symbol]                       0x20001ae8   Section        0  tasks.o(.bss.xPendedTicks)
    xPendingReadyList                        0x20001aec   Data          20  tasks.o(.bss.xPendingReadyList)
    [Anonymous Symbol]                       0x20001aec   Section        0  tasks.o(.bss.xPendingReadyList)
    xSchedulerRunning                        0x20001b40   Data           4  tasks.o(.bss.xSchedulerRunning)
    [Anonymous Symbol]                       0x20001b40   Section        0  tasks.o(.bss.xSchedulerRunning)
    xSecondTimerHandler.uxNextOperation      0x20001b44   Data           4  intqueue.o(.bss.xSecondTimerHandler.uxNextOperation)
    [Anonymous Symbol]                       0x20001b44   Section        0  intqueue.o(.bss.xSecondTimerHandler.uxNextOperation)
    xStart                                   0x20001b48   Data           8  heap_4.o(.bss.xStart)
    [Anonymous Symbol]                       0x20001b48   Section        0  heap_4.o(.bss.xStart)
    xSuspendedTaskList                       0x20001b50   Data          20  tasks.o(.bss.xSuspendedTaskList)
    [Anonymous Symbol]                       0x20001b50   Section        0  tasks.o(.bss.xSuspendedTaskList)
    xTasksWaitingTermination                 0x20001b64   Data          20  tasks.o(.bss.xTasksWaitingTermination)
    [Anonymous Symbol]                       0x20001b64   Section        0  tasks.o(.bss.xTasksWaitingTermination)
    xTickCount                               0x20001b78   Data           4  tasks.o(.bss.xTickCount)
    [Anonymous Symbol]                       0x20001b78   Section        0  tasks.o(.bss.xTickCount)
    xTimerQueue                              0x20001b7c   Data           4  timers.o(.bss.xTimerQueue)
    [Anonymous Symbol]                       0x20001b7c   Section        0  timers.o(.bss.xTimerQueue)
    xTimerTaskHandle                         0x20001b80   Data           4  timers.o(.bss.xTimerTaskHandle)
    [Anonymous Symbol]                       0x20001b80   Section        0  timers.o(.bss.xTimerTaskHandle)
    xYieldPending                            0x20001b84   Data           4  tasks.o(.bss.xYieldPending)
    [Anonymous Symbol]                       0x20001b84   Section        0  tasks.o(.bss.xYieldPending)
    STACK                                    0x20001b88   Section      512  startup_ft32f072xb.o(STACK)

    Global Symbols

    Symbol Name                              Value     Ov Type        Size  Object(Section)

    BuildAttributes$$THM_ISAv3M$S$PE$A:L22$X:L11$S22$IEEE1$IW$~IW$USESV6$~STKCKD$USESV7$~SHL$OTIME$ROPI$EBA8$MICROLIB$REQ8$PRES8$EABIv2 0x00000000   Number         0  anon$$obj.o ABSOLUTE
    _printf_a                                0x00000000   Number         0  printfstubs.o ABSOLUTE
    _printf_c                                0x00000000   Number         0  printfstubs.o ABSOLUTE
    _printf_charcount                        0x00000000   Number         0  printfstubs.o ABSOLUTE
    _printf_d                                0x00000000   Number         0  printfstubs.o ABSOLUTE
    _printf_e                                0x00000000   Number         0  printfstubs.o ABSOLUTE
    _printf_f                                0x00000000   Number         0  printfstubs.o ABSOLUTE
    _printf_flags                            0x00000000   Number         0  printfstubs.o ABSOLUTE
    _printf_fp_dec                           0x00000000   Number         0  printfstubs.o ABSOLUTE
    _printf_fp_hex                           0x00000000   Number         0  printfstubs.o ABSOLUTE
    _printf_g                                0x00000000   Number         0  printfstubs.o ABSOLUTE
    _printf_i                                0x00000000   Number         0  printfstubs.o ABSOLUTE
    _printf_int_dec                          0x00000000   Number         0  printfstubs.o ABSOLUTE
    _printf_l                                0x00000000   Number         0  printfstubs.o ABSOLUTE
    _printf_lc                               0x00000000   Number         0  printfstubs.o ABSOLUTE
    _printf_ll                               0x00000000   Number         0  printfstubs.o ABSOLUTE
    _printf_lld                              0x00000000   Number         0  printfstubs.o ABSOLUTE
    _printf_lli                              0x00000000   Number         0  printfstubs.o ABSOLUTE
    _printf_llo                              0x00000000   Number         0  printfstubs.o ABSOLUTE
    _printf_llu                              0x00000000   Number         0  printfstubs.o ABSOLUTE
    _printf_llx                              0x00000000   Number         0  printfstubs.o ABSOLUTE
    _printf_longlong_dec                     0x00000000   Number         0  printfstubs.o ABSOLUTE
    _printf_longlong_hex                     0x00000000   Number         0  printfstubs.o ABSOLUTE
    _printf_longlong_oct                     0x00000000   Number         0  printfstubs.o ABSOLUTE
    _printf_ls                               0x00000000   Number         0  printfstubs.o ABSOLUTE
    _printf_mbtowc                           0x00000000   Number         0  printfstubs.o ABSOLUTE
    _printf_n                                0x00000000   Number         0  printfstubs.o ABSOLUTE
    _printf_o                                0x00000000   Number         0  printfstubs.o ABSOLUTE
    _printf_p                                0x00000000   Number         0  printfstubs.o ABSOLUTE
    _printf_percent                          0x00000000   Number         0  printfstubs.o ABSOLUTE
    _printf_pre_padding                      0x00000000   Number         0  printfstubs.o ABSOLUTE
    _printf_return_value                     0x00000000   Number         0  printfstubs.o ABSOLUTE
    _printf_s                                0x00000000   Number         0  printfstubs.o ABSOLUTE
    _printf_sizespec                         0x00000000   Number         0  printfstubs.o ABSOLUTE
    _printf_str                              0x00000000   Number         0  printfstubs.o ABSOLUTE
    _printf_truncate_signed                  0x00000000   Number         0  printfstubs.o ABSOLUTE
    _printf_truncate_unsigned                0x00000000   Number         0  printfstubs.o ABSOLUTE
    _printf_u                                0x00000000   Number         0  printfstubs.o ABSOLUTE
    _printf_wc                               0x00000000   Number         0  printfstubs.o ABSOLUTE
    _printf_wctomb                           0x00000000   Number         0  printfstubs.o ABSOLUTE
    _printf_widthprec                        0x00000000   Number         0  printfstubs.o ABSOLUTE
    _printf_x                                0x00000000   Number         0  printfstubs.o ABSOLUTE
    __cpp_initialize__aeabi_                  - Undefined Weak Reference
    __cxa_finalize                            - Undefined Weak Reference
    __decompress                              - Undefined Weak Reference
    _clock_init                               - Undefined Weak Reference
    _microlib_exit                            - Undefined Weak Reference
    __Vectors_Size                           0x000000c0   Number         0  startup_ft32f072xb.o ABSOLUTE
    __Vectors                                0x08000000   Data           4  startup_ft32f072xb.o(RESET)
    __Vectors_End                            0x080000c0   Data           0  startup_ft32f072xb.o(RESET)
    __main                                   0x080000c1   Thumb Code     0  entry.o(.ARM.Collect$$$$00000000)
    _main_stk                                0x080000c1   Thumb Code     0  entry2.o(.ARM.Collect$$$$00000001)
    _main_scatterload                        0x080000c5   Thumb Code     0  entry5.o(.ARM.Collect$$$$00000004)
    __main_after_scatterload                 0x080000c9   Thumb Code     0  entry5.o(.ARM.Collect$$$$00000004)
    _main_clock                              0x080000c9   Thumb Code     0  entry7b.o(.ARM.Collect$$$$00000008)
    _main_cpp_init                           0x080000c9   Thumb Code     0  entry8b.o(.ARM.Collect$$$$0000000A)
    _main_init                               0x080000c9   Thumb Code     0  entry9a.o(.ARM.Collect$$$$0000000B)
    __rt_final_cpp                           0x080000d1   Thumb Code     0  entry10a.o(.ARM.Collect$$$$0000000D)
    __rt_final_exit                          0x080000d1   Thumb Code     0  entry11a.o(.ARM.Collect$$$$0000000F)
    Reset_Handler                            0x080000d5   Thumb Code    38  startup_ft32f072xb.o(.text)
    ADC1_IRQHandler                          0x08000105   Thumb Code     0  startup_ft32f072xb.o(.text)
    DMA1_Channel1_IRQHandler                 0x08000105   Thumb Code     0  startup_ft32f072xb.o(.text)
    DMA1_Channel2_3_IRQHandler               0x08000105   Thumb Code     0  startup_ft32f072xb.o(.text)
    DMA1_Channel4_5_IRQHandler               0x08000105   Thumb Code     0  startup_ft32f072xb.o(.text)
    EXTI0_1_IRQHandler                       0x08000105   Thumb Code     0  startup_ft32f072xb.o(.text)
    EXTI2_3_IRQHandler                       0x08000105   Thumb Code     0  startup_ft32f072xb.o(.text)
    EXTI4_15_IRQHandler                      0x08000105   Thumb Code     0  startup_ft32f072xb.o(.text)
    FLASH_IRQHandler                         0x08000105   Thumb Code     0  startup_ft32f072xb.o(.text)
    I2C1_IRQHandler                          0x08000105   Thumb Code     0  startup_ft32f072xb.o(.text)
    I2C2_IRQHandler                          0x08000105   Thumb Code     0  startup_ft32f072xb.o(.text)
    PVD_VDDIO_IRQHandler                     0x08000105   Thumb Code     0  startup_ft32f072xb.o(.text)
    RCC_IRQHandler                           0x08000105   Thumb Code     0  startup_ft32f072xb.o(.text)
    RTC_IRQHandler                           0x08000105   Thumb Code     0  startup_ft32f072xb.o(.text)
    SPI1_IRQHandler                          0x08000105   Thumb Code     0  startup_ft32f072xb.o(.text)
    SPI2_IRQHandler                          0x08000105   Thumb Code     0  startup_ft32f072xb.o(.text)
    TIM14_IRQHandler                         0x08000105   Thumb Code     0  startup_ft32f072xb.o(.text)
    TIM15_IRQHandler                         0x08000105   Thumb Code     0  startup_ft32f072xb.o(.text)
    TIM17_IRQHandler                         0x08000105   Thumb Code     0  startup_ft32f072xb.o(.text)
    TIM1_CC_IRQHandler                       0x08000105   Thumb Code     0  startup_ft32f072xb.o(.text)
    TIM3_IRQHandler                          0x08000105   Thumb Code     0  startup_ft32f072xb.o(.text)
    TIM6_IRQHandler                          0x08000105   Thumb Code     0  startup_ft32f072xb.o(.text)
    USART2_IRQHandler                        0x08000105   Thumb Code     0  startup_ft32f072xb.o(.text)
    USB_IRQHandler                           0x08000105   Thumb Code     0  startup_ft32f072xb.o(.text)
    WWDG_IRQHandler                          0x08000105   Thumb Code     0  startup_ft32f072xb.o(.text)
    __aeabi_lmul                             0x0800012d   Thumb Code    48  llmul.o(.text)
    _ll_mul                                  0x0800012d   Thumb Code     0  llmul.o(.text)
    __aeabi_memcpy                           0x0800015d   Thumb Code    36  memcpya.o(.text)
    __aeabi_memcpy4                          0x0800015d   Thumb Code     0  memcpya.o(.text)
    __aeabi_memcpy8                          0x0800015d   Thumb Code     0  memcpya.o(.text)
    __aeabi_memset                           0x08000181   Thumb Code    14  memseta.o(.text)
    __aeabi_memset4                          0x08000181   Thumb Code     0  memseta.o(.text)
    __aeabi_memset8                          0x08000181   Thumb Code     0  memseta.o(.text)
    __aeabi_memclr                           0x0800018f   Thumb Code     4  memseta.o(.text)
    __aeabi_memclr4                          0x0800018f   Thumb Code     0  memseta.o(.text)
    __aeabi_memclr8                          0x0800018f   Thumb Code     0  memseta.o(.text)
    _memset$wrapper                          0x08000193   Thumb Code    18  memseta.o(.text)
    __aeabi_uidiv                            0x080001a5   Thumb Code     0  uidiv_div0.o(.text)
    __aeabi_uidivmod                         0x080001a5   Thumb Code    62  uidiv_div0.o(.text)
    __aeabi_uldivmod                         0x080001e3   Thumb Code    96  uldiv.o(.text)
    __aeabi_llsl                             0x08000243   Thumb Code    32  llshl.o(.text)
    _ll_shift_l                              0x08000243   Thumb Code     0  llshl.o(.text)
    __scatterload                            0x08000265   Thumb Code    28  init.o(.text)
    __scatterload_rt2                        0x08000265   Thumb Code     0  init.o(.text)
    __aeabi_llsr                             0x08000289   Thumb Code    34  llushr.o(.text)
    _ll_ushift_r                             0x08000289   Thumb Code     0  llushr.o(.text)
    DMA_ClearFlag                            0x080002ad   Thumb Code    12  ft32f0xx_dma.o(.text.DMA_ClearFlag)
    DMA_Cmd                                  0x080002bd   Thumb Code    24  ft32f0xx_dma.o(.text.DMA_Cmd)
    DMA_GetCurrDataCounter                   0x080002d9   Thumb Code     6  ft32f0xx_dma.o(.text.DMA_GetCurrDataCounter)
    DMA_Init                                 0x080002e1   Thumb Code    56  ft32f0xx_dma.o(.text.DMA_Init)
    DMA_SetCurrDataCounter                   0x0800031d   Thumb Code     4  ft32f0xx_dma.o(.text.DMA_SetCurrDataCounter)
    GPIO_Init                                0x08000369   Thumb Code   112  ft32f0xx_gpio.o(.text.GPIO_Init)
    GPIO_PinAFConfig                         0x080003d9   Thumb Code    32  ft32f0xx_gpio.o(.text.GPIO_PinAFConfig)
    HardFault_Handler                        0x080003f9   Thumb Code     2  ft32f0xx_it.o(.text.HardFault_Handler)
    IntQueueTestTimerHandler                 0x080003fd   Thumb Code    20  intqueuetimer.o(.text.IntQueueTestTimerHandler)
    NMI_Handler                              0x08000411   Thumb Code     2  ft32f0xx_it.o(.text.NMI_Handler)
    NVIC_Init                                0x08000415   Thumb Code    68  ft32f0xx_misc.o(.text.NVIC_Init)
    PendSV_Handler                           0x08000471   Thumb Code    68  port.o(.text.PendSV_Handler)
    RCC_AHBPeriphClockCmd                    0x080004b5   Thumb Code    24  ft32f0xx_rcc.o(.text.RCC_AHBPeriphClockCmd)
    RCC_APB2PeriphClockCmd                   0x080004d1   Thumb Code    24  ft32f0xx_rcc.o(.text.RCC_APB2PeriphClockCmd)
    RCC_GetClocksFreq                        0x080004ed   Thumb Code   212  ft32f0xx_rcc.o(.text.RCC_GetClocksFreq)
    SVC_Handler                              0x080005d9   Thumb Code     2  port.o(.text.SVC_Handler)
    SendMessageFromISR                       0x080005dd   Thumb Code    40  taskmanager.o(.text.SendMessageFromISR)
    SysTick_Handler                          0x080006a1   Thumb Code    32  port.o(.text.SysTick_Handler)
    SystemInit                               0x080006c5   Thumb Code    80  system_ft32f0xx.o(.text.SystemInit)
    TIM16_IRQHandler                         0x08000721   Thumb Code    28  ft32f0xx_it.o(.text.TIM16_IRQHandler)
    TIM1_BRK_UP_TRG_COM_IRQHandler           0x08000741   Thumb Code    32  ft32f0xx_it.o(.text.TIM1_BRK_UP_TRG_COM_IRQHandler)
    TIM_ClearITPendingBit                    0x08000765   Thumb Code     6  ft32f0xx_tim.o(.text.TIM_ClearITPendingBit)
    TIM_GetITStatus                          0x0800076b   Thumb Code    20  ft32f0xx_tim.o(.text.TIM_GetITStatus)
    USART1_IRQHandler                        0x08000781   Thumb Code    92  ft32f0xx_it.o(.text.USART1_IRQHandler)
    USART_ClearFlag                          0x080007e1   Thumb Code     4  ft32f0xx_usart.o(.text.USART_ClearFlag)
    USART_Cmd                                0x080007e5   Thumb Code    16  ft32f0xx_usart.o(.text.USART_Cmd)
    USART_DMACmd                             0x080007f5   Thumb Code    20  ft32f0xx_usart.o(.text.USART_DMACmd)
    USART_DMAReceptionErrorConfig            0x08000809   Thumb Code    18  ft32f0xx_usart.o(.text.USART_DMAReceptionErrorConfig)
    USART_GetFlagStatus                      0x0800081b   Thumb Code    10  ft32f0xx_usart.o(.text.USART_GetFlagStatus)
    USART_ITConfig                           0x08000825   Thumb Code    46  ft32f0xx_usart.o(.text.USART_ITConfig)
    USART_Init                               0x08000855   Thumb Code   152  ft32f0xx_usart.o(.text.USART_Init)
    USART_SendData                           0x080008f9   Thumb Code     8  ft32f0xx_usart.o(.text.USART_SendData)
    Usart_Init                               0x08000905   Thumb Code   168  peripheral.o(.text.Usart_Init)
    fputc                                    0x080009b9   Thumb Code    32  peripheral.o(.text.fputc)
    main                                     0x080009dd   Thumb Code     6  main.o(.text.main)
    main_standartest                         0x080009e3   Thumb Code    10  main-standardtest.o(.text.main_standartest)
    pvPortMalloc                             0x0800128d   Thumb Code   212  heap_4.o(.text.pvPortMalloc)
    pxPortInitialiseStack                    0x08001371   Thumb Code    40  port.o(.text.pxPortInitialiseStack)
    ulSetInterruptMaskFromISR                0x0800139d   Thumb Code     8  port.o(.text.ulSetInterruptMaskFromISR)
    uxListRemove                             0x080013a5   Thumb Code    34  list.o(.text.uxListRemove)
    vApplicationMallocFailedHook             0x080013c7   Thumb Code     4  taskmanager.o(.text.vApplicationMallocFailedHook)
    vApplicationStackOverflowHook            0x080013cb   Thumb Code     4  taskmanager.o(.text.vApplicationStackOverflowHook)
    vApplicationTickHook                     0x080013cf   Thumb Code     2  testrunner.o(.text.vApplicationTickHook)
    vClearInterruptMaskFromISR               0x080013d1   Thumb Code     6  port.o(.text.vClearInterruptMaskFromISR)
    vListInitialise                          0x080013d7   Thumb Code    20  list.o(.text.vListInitialise)
    vListInitialiseItem                      0x080013eb   Thumb Code     6  list.o(.text.vListInitialiseItem)
    vListInsert                              0x080013f1   Thumb Code    46  list.o(.text.vListInsert)
    vPortEnterCritical                       0x08001421   Thumb Code    20  port.o(.text.vPortEnterCritical)
    vPortExitCritical                        0x08001435   Thumb Code    16  port.o(.text.vPortExitCritical)
    vPortFree                                0x08001445   Thumb Code    80  heap_4.o(.text.vPortFree)
    vPortSetupTimerInterrupt                 0x080014a1   Thumb Code    32  port.o(.text.vPortSetupTimerInterrupt)
    vPortYield                               0x08001505   Thumb Code    20  port.o(.text.vPortYield)
    vQueueAddToRegistry                      0x0800151d   Thumb Code    64  queue.o(.text.vQueueAddToRegistry)
    vQueueWaitForMessageRestricted           0x08001561   Thumb Code    68  queue.o(.text.vQueueWaitForMessageRestricted)
    vStartTests                              0x080015a5   Thumb Code    32  testrunner.o(.text.vStartTests)
    vTaskInternalSetTimeOutState             0x080015d1   Thumb Code    16  tasks.o(.text.vTaskInternalSetTimeOutState)
    vTaskMissedYield                         0x080015e5   Thumb Code     8  tasks.o(.text.vTaskMissedYield)
    vTaskPlaceOnEventList                    0x080015ed   Thumb Code    24  tasks.o(.text.vTaskPlaceOnEventList)
    vTaskPlaceOnEventListRestricted          0x08001605   Thumb Code    64  tasks.o(.text.vTaskPlaceOnEventListRestricted)
    vTaskStartScheduler                      0x08001645   Thumb Code    68  tasks.o(.text.vTaskStartScheduler)
    vTaskSuspendAll                          0x080016a9   Thumb Code    12  tasks.o(.text.vTaskSuspendAll)
    vTaskSwitchContext                       0x080016b5   Thumb Code   136  tasks.o(.text.vTaskSwitchContext)
    xPortStartScheduler                      0x08001755   Thumb Code    48  port.o(.text.xPortStartScheduler)
    xQueueGenericCreate                      0x0800178d   Thumb Code    86  queue.o(.text.xQueueGenericCreate)
    xQueueGenericReset                       0x080017e3   Thumb Code   126  queue.o(.text.xQueueGenericReset)
    xQueueGenericSendFromISR                 0x08001861   Thumb Code   170  queue.o(.text.xQueueGenericSendFromISR)
    xQueueIsQueueFullFromISR                 0x0800190b   Thumb Code    12  queue.o(.text.xQueueIsQueueFullFromISR)
    xQueueReceive                            0x08001917   Thumb Code   258  queue.o(.text.xQueueReceive)
    xQueueReceiveFromISR                     0x08001a19   Thumb Code   110  queue.o(.text.xQueueReceiveFromISR)
    xSecondTimerHandler                      0x08001a89   Thumb Code   376  intqueue.o(.text.xSecondTimerHandler)
    xTaskCheckForTimeOut                     0x08001c19   Thumb Code   104  tasks.o(.text.xTaskCheckForTimeOut)
    xTaskCreate                              0x08001c81   Thumb Code    98  tasks.o(.text.xTaskCreate)
    xTaskDelayUntil                          0x08001ce5   Thumb Code    96  tasks.o(.text.xTaskDelayUntil)
    xTaskGetTickCount                        0x08001d45   Thumb Code     8  tasks.o(.text.xTaskGetTickCount)
    xTaskIncrementTick                       0x08001d4d   Thumb Code   308  tasks.o(.text.xTaskIncrementTick)
    xTaskPriorityDisinherit                  0x08001e95   Thumb Code    88  tasks.o(.text.xTaskPriorityDisinherit)
    xTaskRemoveFromEventList                 0x08001eed   Thumb Code   156  tasks.o(.text.xTaskRemoveFromEventList)
    xTaskResumeAll                           0x08001f8d   Thumb Code   252  tasks.o(.text.xTaskResumeAll)
    xTimerCreateTimerTask                    0x080020a9   Thumb Code    48  timers.o(.text.xTimerCreateTimerTask)
    __0printf$8                              0x080020ed   Thumb Code    24  printf8.o(i.__0printf$8)
    __1printf$8                              0x080020ed   Thumb Code     0  printf8.o(i.__0printf$8)
    __2printf                                0x080020ed   Thumb Code     0  printf8.o(i.__0printf$8)
    __scatterload_copy                       0x0800210d   Thumb Code    14  handlers.o(i.__scatterload_copy)
    __scatterload_null                       0x0800211b   Thumb Code     2  handlers.o(i.__scatterload_null)
    __scatterload_zeroinit                   0x0800211d   Thumb Code    14  handlers.o(i.__scatterload_zeroinit)
    uxTopUsedPriority                        0x080025b0   Data           4  tasks.o(.rodata.uxTopUsedPriority)
    Region$$Table$$Base                      0x080025b4   Number         0  anon$$obj.o(Region$$Table)
    Region$$Table$$Limit                     0x080025d4   Number         0  anon$$obj.o(Region$$Table)
    __stdout                                 0x20000000   Data           4  stdout.o(.data)
    SystemCoreClock                          0x20000004   Data           4  system_ft32f0xx.o(.data.SystemCoreClock)
    pxCurrentTCB                             0x20000014   Data           4  tasks.o(.bss.pxCurrentTCB)
    usart_rx_buff                            0x20001a20   Data          40  peripheral.o(.bss.usart_rx_buff)
    xHighProTaskQueue                        0x20001ac4   Data           4  highprotask.o(.bss.xHighProTaskQueue)
    xQueueRegistry                           0x20001b00   Data          64  queue.o(.bss.xQueueRegistry)
    __initial_sp                             0x20001d88   Data           0  startup_ft32f072xb.o(STACK)



==============================================================================

Memory Map of the image

  Image Entry point : 0x080000d5

  Load Region LR_1 (Base: 0x08000000, Size: 0x000025e0, Max: 0xffffffff, ABSOLUTE)

    Execution Region ER_RO (Exec base: 0x08000000, Load base: 0x08000000, Size: 0x000025d4, Max: 0xffffffff, ABSOLUTE)

    Exec Addr    Load Addr    Size         Type   Attr      Idx    E Section Name        Object

    0x08000000   0x08000000   0x000000c0   Data   RO           12    RESET               startup_ft32f072xb.o
    0x080000c0   0x080000c0   0x00000000   Code   RO         2698  * .ARM.Collect$$$$00000000  mc_p.l(entry.o)
    0x080000c0   0x080000c0   0x00000004   Code   RO         2994    .ARM.Collect$$$$00000001  mc_p.l(entry2.o)
    0x080000c4   0x080000c4   0x00000004   Code   RO         2997    .ARM.Collect$$$$00000004  mc_p.l(entry5.o)
    0x080000c8   0x080000c8   0x00000000   Code   RO         2999    .ARM.Collect$$$$00000008  mc_p.l(entry7b.o)
    0x080000c8   0x080000c8   0x00000000   Code   RO         3001    .ARM.Collect$$$$0000000A  mc_p.l(entry8b.o)
    0x080000c8   0x080000c8   0x00000008   Code   RO         3002    .ARM.Collect$$$$0000000B  mc_p.l(entry9a.o)
    0x080000d0   0x080000d0   0x00000000   Code   RO         3004    .ARM.Collect$$$$0000000D  mc_p.l(entry10a.o)
    0x080000d0   0x080000d0   0x00000000   Code   RO         3006    .ARM.Collect$$$$0000000F  mc_p.l(entry11a.o)
    0x080000d0   0x080000d0   0x00000004   Code   RO         2995    .ARM.Collect$$$$00002712  mc_p.l(entry2.o)
    0x080000d4   0x080000d4   0x00000058   Code   RO           13  * .text               startup_ft32f072xb.o
    0x0800012c   0x0800012c   0x00000030   Code   RO         2709    .text               mc_p.l(llmul.o)
    0x0800015c   0x0800015c   0x00000024   Code   RO         2711    .text               mc_p.l(memcpya.o)
    0x08000180   0x08000180   0x00000024   Code   RO         2713    .text               mc_p.l(memseta.o)
    0x080001a4   0x080001a4   0x0000003e   Code   RO         3013    .text               mc_p.l(uidiv_div0.o)
    0x080001e2   0x080001e2   0x00000060   Code   RO         3019    .text               mc_p.l(uldiv.o)
    0x08000242   0x08000242   0x00000020   Code   RO         3021    .text               mc_p.l(llshl.o)
    0x08000262   0x08000262   0x00000002   PAD
    0x08000264   0x08000264   0x00000024   Code   RO         3034    .text               mc_p.l(init.o)
    0x08000288   0x08000288   0x00000022   Code   RO         3036    .text               mc_p.l(llushr.o)
    0x080002aa   0x080002aa   0x00000002   PAD
    0x080002ac   0x080002ac   0x00000010   Code   RO          845    .text.DMA_ClearFlag  ft32f0xx_dma.o
    0x080002bc   0x080002bc   0x0000001c   Code   RO          835    .text.DMA_Cmd       ft32f0xx_dma.o
    0x080002d8   0x080002d8   0x00000006   Code   RO          839    .text.DMA_GetCurrDataCounter  ft32f0xx_dma.o
    0x080002de   0x080002de   0x00000002   PAD
    0x080002e0   0x080002e0   0x0000003c   Code   RO          831    .text.DMA_Init      ft32f0xx_dma.o
    0x0800031c   0x0800031c   0x00000004   Code   RO          837    .text.DMA_SetCurrDataCounter  ft32f0xx_dma.o
    0x08000320   0x08000320   0x00000048   Code   RO           87    .text.DMA_USART_RX_Config  peripheral.o
    0x08000368   0x08000368   0x00000070   Code   RO          949    .text.GPIO_Init     ft32f0xx_gpio.o
    0x080003d8   0x080003d8   0x00000020   Code   RO          971    .text.GPIO_PinAFConfig  ft32f0xx_gpio.o
    0x080003f8   0x080003f8   0x00000002   Code   RO           38    .text.HardFault_Handler  ft32f0xx_it.o
    0x080003fa   0x080003fa   0x00000002   PAD
    0x080003fc   0x080003fc   0x00000014   Code   RO         1752    .text.IntQueueTestTimerHandler  intqueuetimer.o
    0x08000410   0x08000410   0x00000002   Code   RO           36    .text.NMI_Handler   ft32f0xx_it.o
    0x08000412   0x08000412   0x00000002   PAD
    0x08000414   0x08000414   0x00000050   Code   RO         1095    .text.NVIC_Init     ft32f0xx_misc.o
    0x08000464   0x08000464   0x0000000c   PAD
    0x08000470   0x08000470   0x00000044   Code   RO          608    .text.PendSV_Handler  port.o
    0x080004b4   0x080004b4   0x0000001c   Code   RO         1217    .text.RCC_AHBPeriphClockCmd  ft32f0xx_rcc.o
    0x080004d0   0x080004d0   0x0000001c   Code   RO         1219    .text.RCC_APB2PeriphClockCmd  ft32f0xx_rcc.o
    0x080004ec   0x080004ec   0x000000ec   Code   RO         1209    .text.RCC_GetClocksFreq  ft32f0xx_rcc.o
    0x080005d8   0x080005d8   0x00000002   Code   RO          588    .text.SVC_Handler   port.o
    0x080005da   0x080005da   0x00000002   PAD
    0x080005dc   0x080005dc   0x00000028   Code   RO         2685    .text.SendMessageFromISR  taskmanager.o
    0x08000604   0x08000604   0x0000009c   Code   RO         1736    .text.SetSysClock   system_ft32f0xx.o
    0x080006a0   0x080006a0   0x00000024   Code   RO          610    .text.SysTick_Handler  port.o
    0x080006c4   0x080006c4   0x0000005c   Code   RO         1734    .text.SystemInit    system_ft32f0xx.o
    0x08000720   0x08000720   0x00000020   Code   RO           44    .text.TIM16_IRQHandler  ft32f0xx_it.o
    0x08000740   0x08000740   0x00000024   Code   RO           42    .text.TIM1_BRK_UP_TRG_COM_IRQHandler  ft32f0xx_it.o
    0x08000764   0x08000764   0x00000006   Code   RO         1586    .text.TIM_ClearITPendingBit  ft32f0xx_tim.o
    0x0800076a   0x0800076a   0x00000014   Code   RO         1584    .text.TIM_GetITStatus  ft32f0xx_tim.o
    0x0800077e   0x0800077e   0x00000002   PAD
    0x08000780   0x08000780   0x00000060   Code   RO           40    .text.USART1_IRQHandler  ft32f0xx_it.o
    0x080007e0   0x080007e0   0x00000004   Code   RO         1696    .text.USART_ClearFlag  ft32f0xx_usart.o
    0x080007e4   0x080007e4   0x00000010   Code   RO         1638    .text.USART_Cmd     ft32f0xx_usart.o
    0x080007f4   0x080007f4   0x00000014   Code   RO         1684    .text.USART_DMACmd  ft32f0xx_usart.o
    0x08000808   0x08000808   0x00000012   Code   RO         1686    .text.USART_DMAReceptionErrorConfig  ft32f0xx_usart.o
    0x0800081a   0x0800081a   0x0000000a   Code   RO         1694    .text.USART_GetFlagStatus  ft32f0xx_usart.o
    0x08000824   0x08000824   0x0000002e   Code   RO         1688    .text.USART_ITConfig  ft32f0xx_usart.o
    0x08000852   0x08000852   0x00000002   PAD
    0x08000854   0x08000854   0x000000a4   Code   RO         1630    .text.USART_Init    ft32f0xx_usart.o
    0x080008f8   0x080008f8   0x0000000c   Code   RO         1662    .text.USART_SendData  ft32f0xx_usart.o
    0x08000904   0x08000904   0x000000b4   Code   RO           85    .text.Usart_Init    peripheral.o
    0x080009b8   0x080009b8   0x00000024   Code   RO          101    .text.fputc         peripheral.o
    0x080009dc   0x080009dc   0x00000006   Code   RO            2    .text.main          main.o
    0x080009e2   0x080009e2   0x0000000a   Code   RO           20    .text.main_standartest  main-standardtest.o
    0x080009ec   0x080009ec   0x00000098   Code   RO          343    .text.prvAddCurrentTaskToDelayedList  tasks.o
    0x08000a84   0x08000a84   0x0000009c   Code   RO          331    .text.prvAddNewTaskToReadyList  tasks.o
    0x08000b20   0x08000b20   0x00000064   Code   RO          485    .text.prvCheckForValidListAndQueue  timers.o
    0x08000b84   0x08000b84   0x00000038   Code   RO         1792    .text.prvCheckTask  testrunner.o
    0x08000bbc   0x08000bbc   0x00000048   Code   RO          451    .text.prvCheckTasksWaitingTermination  tasks.o
    0x08000c04   0x08000c04   0x00000024   Code   RO          214    .text.prvCopyDataFromQueue  queue.o
    0x08000c28   0x08000c28   0x00000078   Code   RO          200    .text.prvCopyDataToQueue  queue.o
    0x08000ca0   0x08000ca0   0x00000012   Code   RO          337    .text.prvDeleteTCB  tasks.o
    0x08000cb2   0x08000cb2   0x00000002   PAD
    0x08000cb4   0x08000cb4   0x0000001c   Code   RO          521    .text.prvGetNextExpireTime  timers.o
    0x08000cd0   0x08000cd0   0x00000060   Code   RO          554    .text.prvHeapInit   heap_4.o
    0x08000d30   0x08000d30   0x00000014   Code   RO          369    .text.prvIdleTask   tasks.o
    0x08000d44   0x08000d44   0x00000026   Code   RO          180    .text.prvInitialiseNewQueue  queue.o
    0x08000d6a   0x08000d6a   0x0000008e   Code   RO          329    .text.prvInitialiseNewTask  tasks.o
    0x08000df8   0x08000df8   0x0000005c   Code   RO          449    .text.prvInitialiseTaskLists  tasks.o
    0x08000e54   0x08000e54   0x0000004c   Code   RO          556    .text.prvInsertBlockIntoFreeList  heap_4.o
    0x08000ea0   0x08000ea0   0x00000034   Code   RO          535    .text.prvInsertTimerInActiveList  timers.o
    0x08000ed4   0x08000ed4   0x00000016   Code   RO          216    .text.prvIsQueueEmpty  queue.o
    0x08000eea   0x08000eea   0x0000004a   Code   RO          202    .text.prvNotifyQueueSetContainer  queue.o
    0x08000f34   0x08000f34   0x00000040   Code   RO          529    .text.prvProcessExpiredTimer  timers.o
    0x08000f74   0x08000f74   0x000000e4   Code   RO          525    .text.prvProcessReceivedCommands  timers.o
    0x08001058   0x08001058   0x0000006c   Code   RO          523    .text.prvProcessTimerOrBlockTask  timers.o
    0x080010c4   0x080010c4   0x00000014   Code   RO         2102    .text.prvQueueAccessLogError  intqueue.o
    0x080010d8   0x080010d8   0x00000020   Code   RO         2104    .text.prvRecordValue_NormallyEmpty  intqueue.o
    0x080010f8   0x080010f8   0x00000020   Code   RO         2098    .text.prvRecordValue_NormallyFull  intqueue.o
    0x08001118   0x08001118   0x0000003a   Code   RO          533    .text.prvReloadTimer  timers.o
    0x08001152   0x08001152   0x00000002   PAD
    0x08001154   0x08001154   0x00000024   Code   RO          335    .text.prvResetNextTaskUnblockTime  tasks.o
    0x08001178   0x08001178   0x00000028   Code   RO          527    .text.prvSampleTimeNow  timers.o
    0x080011a0   0x080011a0   0x00000034   Code   RO          531    .text.prvSwitchTimerLists  timers.o
    0x080011d4   0x080011d4   0x00000012   Code   RO          586    .text.prvTaskExitError  port.o
    0x080011e6   0x080011e6   0x00000014   Code   RO          487    .text.prvTimerTask  timers.o
    0x080011fa   0x080011fa   0x00000090   Code   RO          206    .text.prvUnlockQueue  queue.o
    0x0800128a   0x0800128a   0x00000002   PAD
    0x0800128c   0x0800128c   0x000000e4   Code   RO          552    .text.pvPortMalloc  heap_4.o
    0x08001370   0x08001370   0x0000002c   Code   RO          584    .text.pxPortInitialiseStack  port.o
    0x0800139c   0x0800139c   0x00000008   Code   RO          604    .text.ulSetInterruptMaskFromISR  port.o
    0x080013a4   0x080013a4   0x00000022   Code   RO          166    .text.uxListRemove  list.o
    0x080013c6   0x080013c6   0x00000004   Code   RO         2687    .text.vApplicationMallocFailedHook  taskmanager.o
    0x080013ca   0x080013ca   0x00000004   Code   RO         2689    .text.vApplicationStackOverflowHook  taskmanager.o
    0x080013ce   0x080013ce   0x00000002   Code   RO         1794    .text.vApplicationTickHook  testrunner.o
    0x080013d0   0x080013d0   0x00000006   Code   RO          606    .text.vClearInterruptMaskFromISR  port.o
    0x080013d6   0x080013d6   0x00000014   Code   RO          158    .text.vListInitialise  list.o
    0x080013ea   0x080013ea   0x00000006   Code   RO          160    .text.vListInitialiseItem  list.o
    0x080013f0   0x080013f0   0x0000002e   Code   RO          164    .text.vListInsert   list.o
    0x0800141e   0x0800141e   0x00000002   PAD
    0x08001420   0x08001420   0x00000014   Code   RO          600    .text.vPortEnterCritical  port.o
    0x08001434   0x08001434   0x00000010   Code   RO          602    .text.vPortExitCritical  port.o
    0x08001444   0x08001444   0x0000005c   Code   RO          558    .text.vPortFree     heap_4.o
    0x080014a0   0x080014a0   0x00000028   Code   RO          592    .text.vPortSetupTimerInterrupt  port.o
    0x080014c8   0x080014c8   0x00000008   PAD
    0x080014d0   0x080014d0   0x00000034   Code   RO          594    .text.vPortStartFirstTask  port.o
    0x08001504   0x08001504   0x00000018   Code   RO          598    .text.vPortYield    port.o
    0x0800151c   0x0800151c   0x00000044   Code   RO          246    .text.vQueueAddToRegistry  queue.o
    0x08001560   0x08001560   0x00000044   Code   RO          250    .text.vQueueWaitForMessageRestricted  queue.o
    0x080015a4   0x080015a4   0x0000002c   Code   RO         1790    .text.vStartTests   testrunner.o
    0x080015d0   0x080015d0   0x00000014   Code   RO          407    .text.vTaskInternalSetTimeOutState  tasks.o
    0x080015e4   0x080015e4   0x00000008   Code   RO          411    .text.vTaskMissedYield  tasks.o
    0x080015ec   0x080015ec   0x00000018   Code   RO          395    .text.vTaskPlaceOnEventList  tasks.o
    0x08001604   0x08001604   0x00000040   Code   RO          399    .text.vTaskPlaceOnEventListRestricted  tasks.o
    0x08001644   0x08001644   0x00000064   Code   RO          367    .text.vTaskStartScheduler  tasks.o
    0x080016a8   0x080016a8   0x0000000c   Code   RO          341    .text.vTaskSuspendAll  tasks.o
    0x080016b4   0x080016b4   0x000000a0   Code   RO          359    .text.vTaskSwitchContext  tasks.o
    0x08001754   0x08001754   0x00000038   Code   RO          590    .text.xPortStartScheduler  port.o
    0x0800178c   0x0800178c   0x00000056   Code   RO          178    .text.xQueueGenericCreate  queue.o
    0x080017e2   0x080017e2   0x0000007e   Code   RO          176    .text.xQueueGenericReset  queue.o
    0x08001860   0x08001860   0x000000aa   Code   RO          208    .text.xQueueGenericSendFromISR  queue.o
    0x0800190a   0x0800190a   0x0000000c   Code   RO          244    .text.xQueueIsQueueFullFromISR  queue.o
    0x08001916   0x08001916   0x00000102   Code   RO          212    .text.xQueueReceive  queue.o
    0x08001a18   0x08001a18   0x0000006e   Code   RO          222    .text.xQueueReceiveFromISR  queue.o
    0x08001a86   0x08001a86   0x00000002   PAD
    0x08001a88   0x08001a88   0x00000190   Code   RO         2100    .text.xSecondTimerHandler  intqueue.o
    0x08001c18   0x08001c18   0x00000068   Code   RO          409    .text.xTaskCheckForTimeOut  tasks.o
    0x08001c80   0x08001c80   0x00000062   Code   RO          327    .text.xTaskCreate   tasks.o
    0x08001ce2   0x08001ce2   0x00000002   PAD
    0x08001ce4   0x08001ce4   0x00000060   Code   RO          339    .text.xTaskDelayUntil  tasks.o
    0x08001d44   0x08001d44   0x00000008   Code   RO          375    .text.xTaskGetTickCount  tasks.o
    0x08001d4c   0x08001d4c   0x00000148   Code   RO          373    .text.xTaskIncrementTick  tasks.o
    0x08001e94   0x08001e94   0x00000058   Code   RO          427    .text.xTaskPriorityDisinherit  tasks.o
    0x08001eec   0x08001eec   0x000000a0   Code   RO          401    .text.xTaskRemoveFromEventList  tasks.o
    0x08001f8c   0x08001f8c   0x0000011c   Code   RO          345    .text.xTaskResumeAll  tasks.o
    0x080020a8   0x080020a8   0x00000044   Code   RO          483    .text.xTimerCreateTimerTask  timers.o
    0x080020ec   0x080020ec   0x00000020   Code   RO         2930    i.__0printf$8       mc_p.l(printf8.o)
    0x0800210c   0x0800210c   0x0000000e   Code   RO         3040    i.__scatterload_copy  mc_p.l(handlers.o)
    0x0800211a   0x0800211a   0x00000002   Code   RO         3041    i.__scatterload_null  mc_p.l(handlers.o)
    0x0800211c   0x0800211c   0x0000000e   Code   RO         3042    i.__scatterload_zeroinit  mc_p.l(handlers.o)
    0x0800212a   0x0800212a   0x00000002   PAD
    0x0800212c   0x0800212c   0x00000428   Code   RO         2937    i._printf_core      mc_p.l(printf8.o)
    0x08002554   0x08002554   0x00000020   Code   RO         2938    i._printf_post_padding  mc_p.l(printf8.o)
    0x08002574   0x08002574   0x0000002c   Code   RO         2939    i._printf_pre_padding  mc_p.l(printf8.o)
    0x080025a0   0x080025a0   0x00000010   Data   RO         1237    .rodata.APBAHBPrescTable  ft32f0xx_rcc.o
    0x080025b0   0x080025b0   0x00000004   Data   RO          454    .rodata.uxTopUsedPriority  tasks.o
    0x080025b4   0x080025b4   0x00000020   Data   RO         3039    Region$$Table       anon$$obj.o


    Execution Region ER_RW (Exec base: 0x20000000, Load base: 0x080025d4, Size: 0x0000000c, Max: 0xffffffff, ABSOLUTE)

    Exec Addr    Load Addr    Size         Type   Attr      Idx    E Section Name        Object

    0x20000000   0x080025d4   0x00000004   Data   RW         3008    .data               mc_p.l(stdout.o)
    0x20000004   0x080025d8   0x00000004   Data   RW         1740    .data.SystemCoreClock  system_ft32f0xx.o
    0x20000008   0x080025dc   0x00000004   Data   RW          612    .data.uxCriticalNesting  port.o


    Execution Region ER_ZI (Exec base: 0x20000010, Load base: 0x080025e0, Size: 0x00001d78, Max: 0xffffffff, ABSOLUTE)

    Exec Addr    Load Addr    Size         Type   Attr      Idx    E Section Name        Object

    0x20000010        -       0x00000004   Zero   RW          541    .bss.prvSampleTimeNow.xLastTime  timers.o
    0x20000014        -       0x00000004   Zero   RW          453    .bss.pxCurrentTCB   tasks.o
    0x20000018        -       0x00000004   Zero   RW          539    .bss.pxCurrentTimerList  timers.o
    0x2000001c        -       0x00000004   Zero   RW          461    .bss.pxDelayedTaskList  tasks.o
    0x20000020        -       0x00000004   Zero   RW          568    .bss.pxEnd          heap_4.o
    0x20000024        -       0x00000004   Zero   RW          462    .bss.pxOverflowDelayedTaskList  tasks.o
    0x20000028        -       0x00000004   Zero   RW          540    .bss.pxOverflowTimerList  timers.o
    0x2000002c        -       0x00000064   Zero   RW          464    .bss.pxReadyTasksLists  tasks.o
    0x20000090        -       0x00001800   Zero   RW          575    .bss.ucHeap         heap_4.o
    0x20001890        -       0x000000c8   Zero   RW         2127    .bss.ucNormallyEmptyReceivedValues  intqueue.o
    0x20001958        -       0x000000c8   Zero   RW         2129    .bss.ucNormallyFullReceivedValues  intqueue.o
    0x20001a20        -       0x00000028   Zero   RW          112    .bss.usart_rx_buff  peripheral.o
    0x20001a48        -       0x00000004   Zero   RW          458    .bss.uxCurrentNumberOfTasks  tasks.o
    0x20001a4c        -       0x00000004   Zero   RW          457    .bss.uxDeletedTasksWaitingCleanUp  tasks.o
    0x20001a50        -       0x00000004   Zero   RW          466    .bss.uxSchedulerSuspended  tasks.o
    0x20001a54        -       0x00000004   Zero   RW          455    .bss.uxTaskNumber   tasks.o
    0x20001a58        -       0x00000004   Zero   RW          465    .bss.uxTopReadyPriority  tasks.o
    0x20001a5c        -       0x00000004   Zero   RW         2115    .bss.uxValueForNormallyEmptyQueue  intqueue.o
    0x20001a60        -       0x00000004   Zero   RW         2117    .bss.uxValueForNormallyFullQueue  intqueue.o
    0x20001a64        -       0x00000014   Zero   RW          542    .bss.xActiveTimerList1  timers.o
    0x20001a78        -       0x00000014   Zero   RW          543    .bss.xActiveTimerList2  timers.o
    0x20001a8c        -       0x00000001   Zero   RW          569    .bss.xBlockAllocatedBit  heap_4.o
    0x20001a8d   0x080025e0   0x00000003   PAD
    0x20001a90        -       0x00000014   Zero   RW          473    .bss.xDelayedTaskList1  tasks.o
    0x20001aa4        -       0x00000014   Zero   RW          474    .bss.xDelayedTaskList2  tasks.o
    0x20001ab8        -       0x00000004   Zero   RW         2130    .bss.xErrorLine     intqueue.o
    0x20001abc        -       0x00000001   Zero   RW         2126    .bss.xErrorStatus   intqueue.o
    0x20001abd   0x080025e0   0x00000003   PAD
    0x20001ac0        -       0x00000004   Zero   RW          570    .bss.xFreeBytesRemaining  heap_4.o
    0x20001ac4        -       0x00000004   Zero   RW         2632    .bss.xHighProTaskQueue  highprotask.o
    0x20001ac8        -       0x00000004   Zero   RW          469    .bss.xIdleTaskHandle  tasks.o
    0x20001acc        -       0x00000004   Zero   RW          572    .bss.xMinimumEverFreeBytesRemaining  heap_4.o
    0x20001ad0        -       0x00000004   Zero   RW          470    .bss.xNextTaskUnblockTime  tasks.o
    0x20001ad4        -       0x00000004   Zero   RW         2113    .bss.xNormallyEmptyQueue  intqueue.o
    0x20001ad8        -       0x00000004   Zero   RW         2112    .bss.xNormallyFullQueue  intqueue.o
    0x20001adc        -       0x00000004   Zero   RW          472    .bss.xNumOfOverflows  tasks.o
    0x20001ae0        -       0x00000004   Zero   RW          573    .bss.xNumberOfSuccessfulAllocations  heap_4.o
    0x20001ae4        -       0x00000004   Zero   RW          574    .bss.xNumberOfSuccessfulFrees  heap_4.o
    0x20001ae8        -       0x00000004   Zero   RW          471    .bss.xPendedTicks   tasks.o
    0x20001aec        -       0x00000014   Zero   RW          468    .bss.xPendingReadyList  tasks.o
    0x20001b00        -       0x00000040   Zero   RW          262    .bss.xQueueRegistry  queue.o
    0x20001b40        -       0x00000004   Zero   RW          459    .bss.xSchedulerRunning  tasks.o
    0x20001b44        -       0x00000004   Zero   RW         2116    .bss.xSecondTimerHandler.uxNextOperation  intqueue.o
    0x20001b48        -       0x00000008   Zero   RW          571    .bss.xStart         heap_4.o
    0x20001b50        -       0x00000014   Zero   RW          463    .bss.xSuspendedTaskList  tasks.o
    0x20001b64        -       0x00000014   Zero   RW          456    .bss.xTasksWaitingTermination  tasks.o
    0x20001b78        -       0x00000004   Zero   RW          460    .bss.xTickCount     tasks.o
    0x20001b7c        -       0x00000004   Zero   RW          537    .bss.xTimerQueue    timers.o
    0x20001b80        -       0x00000004   Zero   RW          538    .bss.xTimerTaskHandle  timers.o
    0x20001b84        -       0x00000004   Zero   RW          467    .bss.xYieldPending  tasks.o
    0x20001b88        -       0x00000200   Zero   RW           10    STACK               startup_ft32f072xb.o


==============================================================================

Image component sizes


      Code (inc. data)   RO Data    RW Data    ZI Data      Debug   Object Name

       114         12          0          0          0       3962   ft32f0xx_dma.o
       144          0          0          0          0       4823   ft32f0xx_gpio.o
       168         12          0          0          0       2659   ft32f0xx_it.o
        80         12          0          0          0       2503   ft32f0xx_misc.o
       292         32         16          0          0      10247   ft32f0xx_rcc.o
        26          0          0          0          0      24973   ft32f0xx_tim.o
       290         16          0          0          0       9924   ft32f0xx_usart.o
       492         52          0          0       6173       4350   heap_4.o
         0          0          0          0          4       2241   highprotask.o
       484         40          0          0        425       7686   intqueue.o
        20          0          0          0          0       3052   intqueuetimer.o
       106          0          0          0          0       2141   list.o
        10          0          0          0          0        397   main-standardtest.o
         6          0          0          0          0        386   main.o
       288         28          0          0         40       8685   peripheral.o
       390         36          0          4          0       2690   port.o
      1332          4          0          0         64      19706   queue.o
        88         38        192          0        512        728   startup_ft32f072xb.o
       248         20          0          4          0       2435   system_ft32f0xx.o
        48          0          0          0          0       2187   taskmanager.o
      2242        196          4          0        260      28754   tasks.o
       102         36          0          0          0       1252   testrunner.o
       818         78          0          0         60      11216   timers.o

    ----------------------------------------------------------------------
      7832        632        244          8       7544     156997   Object Totals
         0          0         32          0          0          0   (incl. Generated)
        44         20          0          0          6          0   (incl. Padding)

    ----------------------------------------------------------------------

      Code (inc. data)   RO Data    RW Data    ZI Data      Debug   Library Member Name

         0          0          0          0          0          0   entry.o
         0          0          0          0          0          0   entry10a.o
         0          0          0          0          0          0   entry11a.o
         8          4          0          0          0          0   entry2.o
         4          0          0          0          0          0   entry5.o
         0          0          0          0          0          0   entry7b.o
         0          0          0          0          0          0   entry8b.o
         8          4          0          0          0          0   entry9a.o
        30          0          0          0          0          0   handlers.o
        36          8          0          0          0         68   init.o
        48          0          0          0          0         72   llmul.o
        32          0          0          0          0         68   llshl.o
        34          0          0          0          0         68   llushr.o
        36          0          0          0          0         60   memcpya.o
        36          0          0          0          0        100   memseta.o
      1172         52          0          0          0        324   printf8.o
         0          0          0          4          0          0   stdout.o
        62          0          0          0          0         72   uidiv_div0.o
        96          0          0          0          0         84   uldiv.o

    ----------------------------------------------------------------------
      1608         68          0          4          0        916   Library Totals
         6          0          0          0          0          0   (incl. Padding)

    ----------------------------------------------------------------------

      Code (inc. data)   RO Data    RW Data    ZI Data      Debug   Library Name

      1602         68          0          4          0        916   mc_p.l

    ----------------------------------------------------------------------
      1608         68          0          4          0        916   Library Totals

    ----------------------------------------------------------------------

==============================================================================


      Code (inc. data)   RO Data    RW Data    ZI Data      Debug   

      9440        700        244         12       7544     157269   Grand Totals
      9440        700        244         12       7544     157269   ELF Image Totals
      9440        700        244         12          0          0   ROM Totals

==============================================================================

    Total RO  Size (Code + RO Data)                 9684 (   9.46kB)
    Total RW  Size (RW Data + ZI Data)              7556 (   7.38kB)
    Total ROM Size (Code + RO Data + RW Data)       9696 (   9.47kB)

==============================================================================

